#! /c/Source/iverilog-install/bin/vvp
:ivl_version "12.0 (devel)" "(s20150603-1539-g2693dd32b)";
:ivl_delay_selection "TYPICAL";
:vpi_time_precision - 12;
:vpi_module "C:\iverilog\lib\ivl\system.vpi";
:vpi_module "C:\iverilog\lib\ivl\vhdl_sys.vpi";
:vpi_module "C:\iverilog\lib\ivl\vhdl_textio.vpi";
:vpi_module "C:\iverilog\lib\ivl\v2005_math.vpi";
:vpi_module "C:\iverilog\lib\ivl\va_math.vpi";
S_00000296792d96d0 .scope module, "tb_top" "tb_top" 2 10;
 .timescale -9 -12;
P_00000296792b3300 .param/l "HP" 1 2 12, +C4<00000000000000000000000000001010>;
P_00000296792b3338 .param/real "T_RUN" 1 2 13, Cr<m4e20000000000000gfce>; value=5000.00
v00000296792e2950_0 .net "led", 0 0, v000002967940d940_0;  1 drivers
v00000296792e33f0_0 .var "rst_n", 0 0;
E_00000296794083d0 .event anyedge, v000002967940d940_0;
S_000002967940d620 .scope module, "dut" "top" 2 18, 3 2 0, S_00000296792d96d0;
 .timescale -9 -12;
    .port_info 0 /INPUT 1 "rst_n";
    .port_info 1 /OUTPUT 1 "led";
P_00000296794084d0 .param/l "HALF_PERIOD" 0 3 3, +C4<00000000000000000000000000001010>;
L_00000296792e88a0 .functor NOT 1, L_00000296792e3490, C4<0>, C4<0>, C4<0>;
v00000296792e6920_0 .net *"_ivl_3", 0 0, L_00000296792e3490;  1 drivers
v00000296792e69c0_0 .net "clk", 0 0, v00000296792d9900_0;  1 drivers
v00000296792e29f0_0 .var "cnt", 22 0;
v00000296792e2590_0 .net "led", 0 0, v000002967940d940_0;  alias, 1 drivers
v00000296792e2e50_0 .net "rst", 0 0, L_00000296792e88a0;  1 drivers
v00000296792e3030_0 .net "rst_n", 0 0, v00000296792e33f0_0;  1 drivers
v00000296792e2a90_0 .var "rst_sync", 1 0;
v00000296792e3350_0 .var "tick", 0 0;
E_0000029679408590/0 .event negedge, v00000296792e3030_0;
E_0000029679408590/1 .event posedge, v00000296792d8400_0;
E_0000029679408590 .event/or E_0000029679408590/0, E_0000029679408590/1;
L_00000296792e3490 .part v00000296792e2a90_0, 1, 1;
S_000002967940d7b0 .scope module, "u_led" "led_blink" 3 42, 4 2 0, S_000002967940d620;
 .timescale -9 -12;
    .port_info 0 /INPUT 1 "clk";
    .port_info 1 /INPUT 1 "rst";
    .port_info 2 /INPUT 1 "tick";
    .port_info 3 /OUTPUT 1 "led";
v00000296792d8400_0 .net "clk", 0 0, v00000296792d9900_0;  alias, 1 drivers
v000002967940d940_0 .var "led", 0 0;
v000002967940d9e0_0 .net "rst", 0 0, L_00000296792e88a0;  alias, 1 drivers
v00000296792d9860_0 .net "tick", 0 0, v00000296792e3350_0;  1 drivers
E_0000029679408650 .event posedge, v00000296792d8400_0;
S_00000296792e6650 .scope module, "u_osc" "OSCH" 3 11, 5 3 0, S_000002967940d620;
 .timescale -9 -12;
    .port_info 0 /INPUT 1 "STDBY";
    .port_info 1 /OUTPUT 1 "OSC";
    .port_info 2 /OUTPUT 1 "SEDSTDBY";
P_0000029679408950 .param/str "NOM_FREQ" 0 5 4, "12.09";
v00000296792d9900_0 .var "OSC", 0 0;
L_0000029679336028 .functor BUFT 1, C4<0>, C4<0>, C4<0>, C4<0>;
v00000296792e67e0_0 .net "SEDSTDBY", 0 0, L_0000029679336028;  1 drivers
L_0000029679336070 .functor BUFT 1, C4<0>, C4<0>, C4<0>, C4<0>;
v00000296792e6880_0 .net "STDBY", 0 0, L_0000029679336070;  1 drivers
    .scope S_00000296792e6650;
T_0 ;
    %pushi/vec4 0, 0, 1;
    %store/vec4 v00000296792d9900_0, 0, 1;
    %end;
    .thread T_0;
    .scope S_00000296792e6650;
T_1 ;
    %delay 41360, 0;
    %load/vec4 v00000296792d9900_0;
    %inv;
    %store/vec4 v00000296792d9900_0, 0, 1;
    %jmp T_1;
    .thread T_1;
    .scope S_000002967940d7b0;
T_2 ;
    %wait E_0000029679408650;
    %load/vec4 v000002967940d9e0_0;
    %flag_set/vec4 8;
    %jmp/0xz  T_2.0, 8;
    %pushi/vec4 1, 0, 1;
    %assign/vec4 v000002967940d940_0, 0;
    %jmp T_2.1;
T_2.0 ;
    %load/vec4 v00000296792d9860_0;
    %flag_set/vec4 8;
    %jmp/0xz  T_2.2, 8;
    %load/vec4 v000002967940d940_0;
    %inv;
    %assign/vec4 v000002967940d940_0, 0;
T_2.2 ;
T_2.1 ;
    %jmp T_2;
    .thread T_2;
    .scope S_000002967940d620;
T_3 ;
    %pushi/vec4 0, 0, 2;
    %store/vec4 v00000296792e2a90_0, 0, 2;
    %end;
    .thread T_3;
    .scope S_000002967940d620;
T_4 ;
    %wait E_0000029679408590;
    %load/vec4 v00000296792e3030_0;
    %nor/r;
    %flag_set/vec4 8;
    %jmp/0xz  T_4.0, 8;
    %pushi/vec4 0, 0, 2;
    %assign/vec4 v00000296792e2a90_0, 0;
    %jmp T_4.1;
T_4.0 ;
    %load/vec4 v00000296792e2a90_0;
    %parti/s 1, 0, 2;
    %concati/vec4 1, 0, 1;
    %assign/vec4 v00000296792e2a90_0, 0;
T_4.1 ;
    %jmp T_4;
    .thread T_4;
    .scope S_000002967940d620;
T_5 ;
    %wait E_0000029679408650;
    %load/vec4 v00000296792e2e50_0;
    %flag_set/vec4 8;
    %jmp/0xz  T_5.0, 8;
    %pushi/vec4 0, 0, 23;
    %assign/vec4 v00000296792e29f0_0, 0;
    %pushi/vec4 0, 0, 1;
    %assign/vec4 v00000296792e3350_0, 0;
    %jmp T_5.1;
T_5.0 ;
    %load/vec4 v00000296792e29f0_0;
    %pad/u 32;
    %cmpi/e 9, 0, 32;
    %jmp/0xz  T_5.2, 4;
    %pushi/vec4 0, 0, 23;
    %assign/vec4 v00000296792e29f0_0, 0;
    %pushi/vec4 1, 0, 1;
    %assign/vec4 v00000296792e3350_0, 0;
    %jmp T_5.3;
T_5.2 ;
    %load/vec4 v00000296792e29f0_0;
    %addi 1, 0, 23;
    %assign/vec4 v00000296792e29f0_0, 0;
    %pushi/vec4 0, 0, 1;
    %assign/vec4 v00000296792e3350_0, 0;
T_5.3 ;
T_5.1 ;
    %jmp T_5;
    .thread T_5;
    .scope S_00000296792d96d0;
T_6 ;
    %vpi_call 2 24 "$dumpfile", "test.vcd" {0 0 0};
    %vpi_call 2 25 "$dumpvars", 32'sb00000000000000000000000000000000, S_00000296792d96d0 {0 0 0};
    %pushi/vec4 0, 0, 1;
    %store/vec4 v00000296792e33f0_0, 0, 1;
    %delay 5000000, 0;
    %pushi/vec4 1, 0, 1;
    %store/vec4 v00000296792e33f0_0, 0, 1;
    %delay 5000000, 0;
    %vpi_call 2 32 "$finish" {0 0 0};
    %end;
    .thread T_6;
    .scope S_00000296792d96d0;
T_7 ;
    %wait E_00000296794083d0;
    %vpi_func/r 2 36 "$realtime" {0 0 0};
    %pushi/real 2048000000, 4085; load=1.00000e+06
    %div/wr;
    %vpi_call 2 36 "$display", "t = %0.3f ms   led = %b", W<0,r>, v00000296792e2950_0 {0 1 0};
    %jmp T_7;
    .thread T_7, $push;
# The file index is used to find the file name in the following table.
:file_names 6;
    "N/A";
    "<interactive>";
    "tb_top.v";
    "..\top.v";
    "..\led_blink.v";
    "osch_sim.v";
