#! /c/Source/iverilog-install/bin/vvp
:ivl_version "12.0 (devel)" "(s20150603-1539-g2693dd32b)";
:ivl_delay_selection "TYPICAL";
:vpi_time_precision - 12;
:vpi_module "C:\iverilog\lib\ivl\system.vpi";
:vpi_module "C:\iverilog\lib\ivl\vhdl_sys.vpi";
:vpi_module "C:\iverilog\lib\ivl\vhdl_textio.vpi";
:vpi_module "C:\iverilog\lib\ivl\v2005_math.vpi";
:vpi_module "C:\iverilog\lib\ivl\va_math.vpi";
S_00000232b5909e80 .scope module, "tb_decoder" "tb_decoder" 2 6;
 .timescale -9 -12;
v00000232b590e930_0 .var/i "errors", 31 0;
v00000232b590e9d0_0 .var "instruction", 13 0;
v00000232b590ea70_0 .net "jump_to", 0 0, v00000232b590e890_0;  1 drivers
S_00000232b5949cb0 .scope task, "check" "check" 2 18, 2 18 0, S_00000232b5909e80;
 .timescale -9 -12;
v00000232b5945b30_0 .var "expected", 0 0;
v00000232b590a010_0 .var "instr", 13 0;
v00000232b590a0b0_0 .var "name", 255 0;
TD_tb_decoder.check ;
    %load/vec4 v00000232b590a010_0;
    %store/vec4 v00000232b590e9d0_0, 0, 14;
    %delay 10000, 0;
    %load/vec4 v00000232b590ea70_0;
    %load/vec4 v00000232b5945b30_0;
    %cmp/ne;
    %jmp/0xz  T_0.0, 6;
    %vpi_call 2 23 "$display", "ERROR  %-12s instr=%04h  jump_to=%b  esperado=%b", v00000232b590a0b0_0, v00000232b590a010_0, v00000232b590ea70_0, v00000232b5945b30_0 {0 0 0};
    %load/vec4 v00000232b590e930_0;
    %addi 1, 0, 32;
    %store/vec4 v00000232b590e930_0, 0, 32;
    %jmp T_0.1;
T_0.0 ;
    %vpi_call 2 27 "$display", "ok     %-12s instr=%04h  jump_to=%b", v00000232b590a0b0_0, v00000232b590a010_0, v00000232b590ea70_0 {0 0 0};
T_0.1 ;
    %end;
S_00000232b5949e40 .scope module, "dut" "decoder" 2 13, 3 1 0, S_00000232b5909e80;
 .timescale -9 -12;
    .port_info 0 /INPUT 14 "instruction";
    .port_info 1 /OUTPUT 1 "jump_to";
P_00000232b59453b0 .param/l "INSTR_SIZE" 0 3 2, +C4<00000000000000000000000000001110>;
v00000232b5949fd0_0 .net "instruction", 13 0, v00000232b590e9d0_0;  1 drivers
v00000232b590e890_0 .var "jump_to", 0 0;
E_00000232b59453f0 .event anyedge, v00000232b5949fd0_0;
    .scope S_00000232b5949e40;
T_1 ;
    %wait E_00000232b59453f0;
    %pushi/vec4 0, 0, 1;
    %store/vec4 v00000232b590e890_0, 0, 1;
    %load/vec4 v00000232b5949fd0_0;
    %parti/s 3, 11, 5;
    %dup/vec4;
    %pushi/vec4 5, 0, 3;
    %cmp/z;
    %jmp/1 T_1.0, 4;
    %pushi/vec4 0, 0, 1;
    %store/vec4 v00000232b590e890_0, 0, 1;
    %jmp T_1.2;
T_1.0 ;
    %pushi/vec4 1, 0, 1;
    %store/vec4 v00000232b590e890_0, 0, 1;
    %jmp T_1.2;
T_1.2 ;
    %pop/vec4 1;
    %jmp T_1;
    .thread T_1, $push;
    .scope S_00000232b5909e80;
T_2 ;
    %pushi/vec4 0, 0, 32;
    %store/vec4 v00000232b590e930_0, 0, 32;
    %pushi/vec4 10240, 0, 14;
    %store/vec4 v00000232b590a010_0, 0, 14;
    %pushi/vec4 1, 0, 1;
    %store/vec4 v00000232b5945b30_0, 0, 1;
    %pushi/vec4 0, 0, 32; draw_string_vec4
    %pushi/vec4 0, 0, 32; draw_string_vec4
    %concat/vec4; draw_string_vec4
    %pushi/vec4 0, 0, 32; draw_string_vec4
    %concat/vec4; draw_string_vec4
    %pushi/vec4 0, 0, 32; draw_string_vec4
    %concat/vec4; draw_string_vec4
    %pushi/vec4 0, 0, 32; draw_string_vec4
    %concat/vec4; draw_string_vec4
    %pushi/vec4 18255, 0, 32; draw_string_vec4
    %concat/vec4; draw_string_vec4
    %pushi/vec4 1414471728, 0, 32; draw_string_vec4
    %concat/vec4; draw_string_vec4
    %pushi/vec4 2016423984, 0, 32; draw_string_vec4
    %concat/vec4; draw_string_vec4
    %store/vec4 v00000232b590a0b0_0, 0, 256;
    %fork TD_tb_decoder.check, S_00000232b5949cb0;
    %join;
    %pushi/vec4 12287, 0, 14;
    %store/vec4 v00000232b590a010_0, 0, 14;
    %pushi/vec4 1, 0, 1;
    %store/vec4 v00000232b5945b30_0, 0, 1;
    %pushi/vec4 0, 0, 32; draw_string_vec4
    %pushi/vec4 0, 0, 32; draw_string_vec4
    %concat/vec4; draw_string_vec4
    %pushi/vec4 0, 0, 32; draw_string_vec4
    %concat/vec4; draw_string_vec4
    %pushi/vec4 0, 0, 32; draw_string_vec4
    %concat/vec4; draw_string_vec4
    %pushi/vec4 0, 0, 32; draw_string_vec4
    %concat/vec4; draw_string_vec4
    %pushi/vec4 18255, 0, 32; draw_string_vec4
    %concat/vec4; draw_string_vec4
    %pushi/vec4 1414471728, 0, 32; draw_string_vec4
    %concat/vec4; draw_string_vec4
    %pushi/vec4 2016888390, 0, 32; draw_string_vec4
    %concat/vec4; draw_string_vec4
    %store/vec4 v00000232b590a0b0_0, 0, 256;
    %fork TD_tb_decoder.check, S_00000232b5949cb0;
    %join;
    %pushi/vec4 10837, 0, 14;
    %store/vec4 v00000232b590a010_0, 0, 14;
    %pushi/vec4 1, 0, 1;
    %store/vec4 v00000232b5945b30_0, 0, 1;
    %pushi/vec4 0, 0, 32; draw_string_vec4
    %pushi/vec4 0, 0, 32; draw_string_vec4
    %concat/vec4; draw_string_vec4
    %pushi/vec4 0, 0, 32; draw_string_vec4
    %concat/vec4; draw_string_vec4
    %pushi/vec4 0, 0, 32; draw_string_vec4
    %concat/vec4; draw_string_vec4
    %pushi/vec4 0, 0, 32; draw_string_vec4
    %concat/vec4; draw_string_vec4
    %pushi/vec4 18255, 0, 32; draw_string_vec4
    %concat/vec4; draw_string_vec4
    %pushi/vec4 1414471728, 0, 32; draw_string_vec4
    %concat/vec4; draw_string_vec4
    %pushi/vec4 2016556341, 0, 32; draw_string_vec4
    %concat/vec4; draw_string_vec4
    %store/vec4 v00000232b590a0b0_0, 0, 256;
    %fork TD_tb_decoder.check, S_00000232b5949cb0;
    %join;
    %pushi/vec4 10239, 0, 14;
    %store/vec4 v00000232b590a010_0, 0, 14;
    %pushi/vec4 0, 0, 1;
    %store/vec4 v00000232b5945b30_0, 0, 1;
    %pushi/vec4 0, 0, 32; draw_string_vec4
    %pushi/vec4 0, 0, 32; draw_string_vec4
    %concat/vec4; draw_string_vec4
    %pushi/vec4 0, 0, 32; draw_string_vec4
    %concat/vec4; draw_string_vec4
    %pushi/vec4 0, 0, 32; draw_string_vec4
    %concat/vec4; draw_string_vec4
    %pushi/vec4 0, 0, 32; draw_string_vec4
    %concat/vec4; draw_string_vec4
    %pushi/vec4 17217, 0, 32; draw_string_vec4
    %concat/vec4; draw_string_vec4
    %pushi/vec4 1280057384, 0, 32; draw_string_vec4
    %concat/vec4; draw_string_vec4
    %pushi/vec4 825241641, 0, 32; draw_string_vec4
    %concat/vec4; draw_string_vec4
    %store/vec4 v00000232b590a0b0_0, 0, 256;
    %fork TD_tb_decoder.check, S_00000232b5949cb0;
    %join;
    %pushi/vec4 12289, 0, 14;
    %store/vec4 v00000232b590a010_0, 0, 14;
    %pushi/vec4 0, 0, 1;
    %store/vec4 v00000232b5945b30_0, 0, 1;
    %pushi/vec4 0, 0, 32; draw_string_vec4
    %pushi/vec4 0, 0, 32; draw_string_vec4
    %concat/vec4; draw_string_vec4
    %pushi/vec4 0, 0, 32; draw_string_vec4
    %concat/vec4; draw_string_vec4
    %pushi/vec4 0, 0, 32; draw_string_vec4
    %concat/vec4; draw_string_vec4
    %pushi/vec4 0, 0, 32; draw_string_vec4
    %concat/vec4; draw_string_vec4
    %pushi/vec4 19791, 0, 32; draw_string_vec4
    %concat/vec4; draw_string_vec4
    %pushi/vec4 1447843616, 0, 32; draw_string_vec4
    %concat/vec4; draw_string_vec4
    %pushi/vec4 813183025, 0, 32; draw_string_vec4
    %concat/vec4; draw_string_vec4
    %store/vec4 v00000232b590a0b0_0, 0, 256;
    %fork TD_tb_decoder.check, S_00000232b5949cb0;
    %join;
    %pushi/vec4 12543, 0, 14;
    %store/vec4 v00000232b590a010_0, 0, 14;
    %pushi/vec4 0, 0, 1;
    %store/vec4 v00000232b5945b30_0, 0, 1;
    %pushi/vec4 0, 0, 32; draw_string_vec4
    %pushi/vec4 0, 0, 32; draw_string_vec4
    %concat/vec4; draw_string_vec4
    %pushi/vec4 0, 0, 32; draw_string_vec4
    %concat/vec4; draw_string_vec4
    %pushi/vec4 0, 0, 32; draw_string_vec4
    %concat/vec4; draw_string_vec4
    %pushi/vec4 0, 0, 32; draw_string_vec4
    %concat/vec4; draw_string_vec4
    %pushi/vec4 19791, 0, 32; draw_string_vec4
    %concat/vec4; draw_string_vec4
    %pushi/vec4 1447843616, 0, 32; draw_string_vec4
    %concat/vec4; draw_string_vec4
    %pushi/vec4 813188678, 0, 32; draw_string_vec4
    %concat/vec4; draw_string_vec4
    %store/vec4 v00000232b590a0b0_0, 0, 256;
    %fork TD_tb_decoder.check, S_00000232b5949cb0;
    %join;
    %pushi/vec4 0, 0, 14;
    %store/vec4 v00000232b590a010_0, 0, 14;
    %pushi/vec4 0, 0, 1;
    %store/vec4 v00000232b5945b30_0, 0, 1;
    %pushi/vec4 0, 0, 32; draw_string_vec4
    %pushi/vec4 0, 0, 32; draw_string_vec4
    %concat/vec4; draw_string_vec4
    %pushi/vec4 0, 0, 32; draw_string_vec4
    %concat/vec4; draw_string_vec4
    %pushi/vec4 0, 0, 32; draw_string_vec4
    %concat/vec4; draw_string_vec4
    %pushi/vec4 0, 0, 32; draw_string_vec4
    %concat/vec4; draw_string_vec4
    %pushi/vec4 0, 0, 32; draw_string_vec4
    %concat/vec4; draw_string_vec4
    %pushi/vec4 0, 0, 32; draw_string_vec4
    %concat/vec4; draw_string_vec4
    %pushi/vec4 5132112, 0, 32; draw_string_vec4
    %concat/vec4; draw_string_vec4
    %store/vec4 v00000232b590a0b0_0, 0, 256;
    %fork TD_tb_decoder.check, S_00000232b5949cb0;
    %join;
    %pushi/vec4 16383, 0, 14;
    %store/vec4 v00000232b590a010_0, 0, 14;
    %pushi/vec4 0, 0, 1;
    %store/vec4 v00000232b5945b30_0, 0, 1;
    %pushi/vec4 0, 0, 32; draw_string_vec4
    %pushi/vec4 0, 0, 32; draw_string_vec4
    %concat/vec4; draw_string_vec4
    %pushi/vec4 0, 0, 32; draw_string_vec4
    %concat/vec4; draw_string_vec4
    %pushi/vec4 0, 0, 32; draw_string_vec4
    %concat/vec4; draw_string_vec4
    %pushi/vec4 0, 0, 32; draw_string_vec4
    %concat/vec4; draw_string_vec4
    %pushi/vec4 16708, 0, 32; draw_string_vec4
    %concat/vec4; draw_string_vec4
    %pushi/vec4 1145853728, 0, 32; draw_string_vec4
    %concat/vec4; draw_string_vec4
    %pushi/vec4 813188678, 0, 32; draw_string_vec4
    %concat/vec4; draw_string_vec4
    %store/vec4 v00000232b590a0b0_0, 0, 256;
    %fork TD_tb_decoder.check, S_00000232b5949cb0;
    %join;
    %load/vec4 v00000232b590e930_0;
    %cmpi/e 0, 0, 32;
    %jmp/0xz  T_2.0, 4;
    %vpi_call 2 45 "$display", "\012TB_DECODER: PASS" {0 0 0};
    %jmp T_2.1;
T_2.0 ;
    %vpi_call 2 46 "$display", "\012TB_DECODER: FAIL (%0d errores)", v00000232b590e930_0 {0 0 0};
T_2.1 ;
    %vpi_call 2 47 "$finish" {0 0 0};
    %end;
    .thread T_2;
# The file index is used to find the file name in the following table.
:file_names 4;
    "N/A";
    "<interactive>";
    "tb_decoder.v";
    "..\decoder.v";
