
synthesis -f "BIT_PROCESSOR_impl_1_lattice.synproj"
synthesis:  version Diamond (64-bit) 3.14.0.75.2

Copyright (c) 1991-1994 by NeoCAD Inc. All rights reserved.
Copyright (c) 1995 AT&T Corp.   All rights reserved.
Copyright (c) 1995-2001 Lucent Technologies Inc.  All rights reserved.
Copyright (c) 2001 Agere Systems   All rights reserved.
Copyright (c) 2002-2024 Lattice Semiconductor Corporation,  All rights reserved.
Sat Oct 03 16:04:51 2026


Command Line:  synthesis -f BIT_PROCESSOR_impl_1_lattice.synproj -gui -msgset D:/ADELSOFT/LATTICE/projects/bit_processor/promote.xml 

    <postMsg mid="35002000" type="Info"    dynamic="0" navigation="0"  />
Synthesis options:
The -a option is MachXO3L.
The -s option is 5.
The -t option is CABGA256.
The -d option is LCMXO3L-6900C.
Using package CABGA256.
Using performance grade 5.
                                                          

##########################################################

### Lattice Family : MachXO3L

### Device  : LCMXO3L-6900C

### Package : CABGA256

### Speed   : 5

##########################################################

                                                          

    <postMsg mid="35001781" type="Info"    dynamic="0" navigation="0"  />
Optimization goal = Balanced
Top-level module name = top.
Target frequency = 200.000000 MHz.
Maximum fanout = 1000.
Timing path count = 3
BRAM utilization = 100.000000 %
DSP usage = true
DSP utilization = 100.000000 %
fsm_encoding_style = auto
resolve_mixed_drivers = 0
fix_gated_clocks = 1

Mux style = Auto
Use Carry Chain = true
carry_chain_length = 0
Loop Limit = 1950.
Use IO Insertion = TRUE
Use IO Reg = AUTO

Resource Sharing = TRUE
Propagate Constants = TRUE
Remove Duplicate Registers = TRUE
force_gsr = auto
ROM style = auto
RAM style = auto
The -comp option is FALSE.
The -syn option is FALSE.
-p D:/ADELSOFT/LATTICE/projects/bit_processor (searchpath added)
-p D:/ADELSOFT/LATTICE/ispfpga/xo3c00a/data (searchpath added)
-p D:/ADELSOFT/LATTICE/projects/bit_processor/impl_1 (searchpath added)
-p D:/ADELSOFT/LATTICE/projects/bit_processor (searchpath added)
Verilog design file = D:/ADELSOFT/LATTICE/projects/bit_processor/top.v
Verilog design file = D:/ADELSOFT/LATTICE/projects/bit_processor/clk.v
Verilog design file = D:/ADELSOFT/LATTICE/projects/bit_processor/pc.v
Verilog design file = D:/ADELSOFT/LATTICE/projects/bit_processor/mem.v
Verilog design file = D:/ADELSOFT/LATTICE/projects/bit_processor/decoder.v
NGD file = BIT_PROCESSOR_impl_1.ngd
-sdc option: SDC file input not used.
-lpf option: Output file option is ON.
Hardtimer checking is enabled (default). The -dt option is not used.
The -r option is OFF. [ Remove LOC Properties is OFF. ]
Technology check ok...

Analyzing Verilog file D:/ADELSOFT/LATTICE/ispfpga/userware/NT/SYNTHESIS_HEADERS/machxo3l.v. VERI-1482
Compile design.
Compile Design Begin
Analyzing Verilog file d:/adelsoft/lattice/projects/bit_processor/top.v. VERI-1482
Analyzing Verilog file d:/adelsoft/lattice/projects/bit_processor/clk.v. VERI-1482
Analyzing Verilog file d:/adelsoft/lattice/projects/bit_processor/pc.v. VERI-1482
Analyzing Verilog file d:/adelsoft/lattice/projects/bit_processor/mem.v. VERI-1482
Analyzing Verilog file d:/adelsoft/lattice/projects/bit_processor/decoder.v. VERI-1482
Analyzing Verilog file D:/ADELSOFT/LATTICE/ispfpga/userware/NT/SYNTHESIS_HEADERS/machxo3l.v. VERI-1482
Top module name (Verilog): top
    <postMsg mid="35901018" type="Info"    dynamic="2" navigation="2" arg0="d:/adelsoft/lattice/projects/bit_processor/top.v(1): " arg1="top" arg2="d:/adelsoft/lattice/projects/bit_processor/top.v" arg3="1"  />
    <postMsg mid="35901018" type="Info"    dynamic="2" navigation="2" arg0="D:/ADELSOFT/LATTICE/ispfpga/userware/NT/SYNTHESIS_HEADERS/machxo3l.v(1759): " arg1="OSCH(NOM_FREQ=&quot;12.09&quot;)" arg2="D:/ADELSOFT/LATTICE/ispfpga/userware/NT/SYNTHESIS_HEADERS/machxo3l.v" arg3="1759"  />
    <postMsg mid="35901018" type="Info"    dynamic="2" navigation="2" arg0="d:/adelsoft/lattice/projects/bit_processor/clk.v(1): " arg1="clk_div(DIV=4030000)" arg2="d:/adelsoft/lattice/projects/bit_processor/clk.v" arg3="1"  />
    <postMsg mid="35901209" type="Warning" dynamic="3" navigation="2" arg0="d:/adelsoft/lattice/projects/bit_processor/clk.v(23): " arg1="32" arg2="22" arg3="d:/adelsoft/lattice/projects/bit_processor/clk.v" arg4="23"  />
    <postMsg mid="35901018" type="Info"    dynamic="2" navigation="2" arg0="d:/adelsoft/lattice/projects/bit_processor/pc.v(1): " arg1="pc" arg2="d:/adelsoft/lattice/projects/bit_processor/pc.v" arg3="1"  />
    <postMsg mid="35901209" type="Warning" dynamic="3" navigation="2" arg0="d:/adelsoft/lattice/projects/bit_processor/pc.v(21): " arg1="32" arg2="13" arg3="d:/adelsoft/lattice/projects/bit_processor/pc.v" arg4="21"  />
    <postMsg mid="35901018" type="Info"    dynamic="2" navigation="2" arg0="d:/adelsoft/lattice/projects/bit_processor/mem.v(1): " arg1="mem" arg2="d:/adelsoft/lattice/projects/bit_processor/mem.v" arg3="1"  />
    <postMsg mid="35931002" type="Warning" dynamic="2" navigation="2" arg0="d:/adelsoft/lattice/projects/bit_processor/mem.v(7): " arg1="rom" arg2="d:/adelsoft/lattice/projects/bit_processor/mem.v" arg3="7"  />
    <postMsg mid="35901018" type="Info"    dynamic="2" navigation="2" arg0="d:/adelsoft/lattice/projects/bit_processor/decoder.v(1): " arg1="decoder" arg2="d:/adelsoft/lattice/projects/bit_processor/decoder.v" arg3="1"  />
Last elaborated design is top()
Loading NGL library 'D:/ADELSOFT/LATTICE/ispfpga/xo2c00a/data/xo2alib.ngl'...
Loading NGL library 'D:/ADELSOFT/LATTICE/ispfpga/xo2c00/data/xo2clib.ngl'...
Loading NGL library 'D:/ADELSOFT/LATTICE/ispfpga/mg5g00/data/mg5glib.ngl'...
Loading NGL library 'D:/ADELSOFT/LATTICE/ispfpga/or5g00/data/orc5glib.ngl'...
Loading device for application map from file 'xo3c6900.nph' in environment: D:/ADELSOFT/LATTICE/ispfpga.
Package Status:                     Final          Version 1.17.
Top-level module name = top.
    <postMsg mid="35931038" type="Warning" dynamic="2" navigation="2" arg0="d:/adelsoft/lattice/projects/bit_processor/mem.v(7): " arg1="rom_original_ramnet" arg2="d:/adelsoft/lattice/projects/bit_processor/mem.v" arg3="7"  />



    <postMsg mid="35001747" type="Warning" dynamic="2" navigation="0" arg0="10" arg1="\u_mem/dato"  />
GSR will not be inferred because no asynchronous signal was found in the netlist.
Applying 200.000000 MHz constraint to all clocks

    <postMsg mid="35001611" type="Warning" dynamic="0" navigation="0"  />
Results of NGD DRC are available in top_drc.log.
Loading NGL library 'D:/ADELSOFT/LATTICE/ispfpga/xo2c00a/data/xo2alib.ngl'...
Loading NGL library 'D:/ADELSOFT/LATTICE/ispfpga/xo2c00/data/xo2clib.ngl'...
Loading NGL library 'D:/ADELSOFT/LATTICE/ispfpga/mg5g00/data/mg5glib.ngl'...
Loading NGL library 'D:/ADELSOFT/LATTICE/ispfpga/or5g00/data/orc5glib.ngl'...


Running DRC...

DRC complete with no errors or warnings

Design Results:
    106 blocks expanded
completed the first expansion
All blocks are expanded and NGD expansion is successful.
Writing NGD file BIT_PROCESSOR_impl_1.ngd.

################### Begin Area Report (top)######################
Number of register bits => 39 of 7485 (0 % )
CCU2D => 15
FD1P3IX => 16
FD1S3AX => 1
FD1S3IX => 22
GSR => 1
IB => 1
LUT4 => 38
OB => 8
OSCH => 1
################### End Area Report ##################

################### Begin BlackBox Report ######################
TSALL => 1
################### End BlackBox Report ##################

################### Begin Clock Report ######################
Clock Nets
Number of Clocks: 1
  Net : clk, loads : 39
Clock Enable Nets
Number of Clock Enables: 1
Top 1 highest fanout Clock Enables:
Highest fanout non-clock nets
Top 10 highest fanout non-clock nets:
  Net : u_div/n1061, loads : 24
  Net : u_div/clk_enable_16, loads : 15
  Net : u_pc/pc_counter_2, loads : 11
  Net : u_pc/pc_counter_1, loads : 11
  Net : u_pc/pc_counter_3, loads : 10
  Net : u_pc/pc_counter_4, loads : 6
  Net : u_pc/pc_counter_0, loads : 6
  Net : n579, loads : 6
  Net : n512, loads : 5
  Net : n586, loads : 5
################### End Clock Report ##################

Timing Report Summary
--------------
--------------------------------------------------------------------------------
Constraint                              |   Constraint|       Actual|Levels
--------------------------------------------------------------------------------
                                        |             |             |
create_clock -period 5.000000 -name     |             |             |
clk0 [get_nets clk]                     |  200.000 MHz|  109.016 MHz|     6 *
                                        |             |             |
--------------------------------------------------------------------------------


1 constraints not met.


Peak Memory Usage: 61.887  MB

--------------------------------------------------------------
Elapsed CPU time for LSE flow : 0.563  secs
--------------------------------------------------------------

map -a "MachXO3L" -p LCMXO3L-6900C -t CABGA256 -s 5 -oc Commercial   "BIT_PROCESSOR_impl_1.ngd" -o "BIT_PROCESSOR_impl_1_map.ncd" -pr "BIT_PROCESSOR_impl_1.prf" -mp "BIT_PROCESSOR_impl_1.mrp" -lpf "D:/ADELSOFT/LATTICE/projects/bit_processor/impl_1/BIT_PROCESSOR_impl_1.lpf" -lpf "D:/ADELSOFT/LATTICE/projects/bit_processor/BIT_PROCESSOR.lpf"  -c 0           
map:  version Diamond (64-bit) 3.14.0.75.2

Copyright (c) 1991-1994 by NeoCAD Inc. All rights reserved.
Copyright (c) 1995 AT&T Corp.   All rights reserved.
Copyright (c) 1995-2001 Lucent Technologies Inc.  All rights reserved.
Copyright (c) 2001 Agere Systems   All rights reserved.
Copyright (c) 2002-2024 Lattice Semiconductor Corporation,  All rights reserved.
   Process the file: BIT_PROCESSOR_impl_1.ngd
   Picdevice="LCMXO3L-6900C"

   Pictype="CABGA256"

   Picspeed=5

   Remove unused logic

   Do not produce over sized NCDs.

Part used: LCMXO3L-6900CCABGA256, Performance used: 5.

Loading device for application map from file 'xo3c6900.nph' in environment: D:/ADELSOFT/LATTICE/ispfpga.
Package Status:                     Final          Version 1.17.

Running general design DRC...

Removing unused logic...

Optimizing...




Design Summary:
   Number of registers:     39 out of  7485 (1%)
      PFU registers:           39 out of  6864 (1%)
      PIO registers:            0 out of   621 (0%)
   Number of SLICEs:        34 out of  3432 (1%)
      SLICEs as Logic/ROM:     34 out of  3432 (1%)
      SLICEs as RAM:            0 out of  2574 (0%)
      SLICEs as Carry:         15 out of  3432 (0%)
   Number of LUT4s:         68 out of  6864 (1%)
      Number used as logic LUTs:         38
      Number used as distributed RAM:     0
      Number used as ripple logic:       30
      Number used as shift registers:     0
   Number of PIO sites used: 9 + 4(JTAG) out of 207 (6%)
   Number of block RAMs:  0 out of 26 (0%)
   Number of GSRs:        0 out of 1 (0%)
   EFB used :        No
   JTAG used :       No
   Readback used :   No
   Oscillator used : Yes
   Startup used :    No
   POR :             On
   Bandgap :         On
   Number of Power Controller:  0 out of 1 (0%)
   Number of Dynamic Bank Controller (BCINRD):  0 out of 6 (0%)
   Number of Dynamic Bank Controller (BCLVDSO):  0 out of 1 (0%)
   Number of DCCA:  0 out of 8 (0%)
   Number of DCMA:  0 out of 2 (0%)
   Number of PLLs:  0 out of 2 (0%)
   Number of DQSDLLs:  0 out of 2 (0%)
   Number of CLKDIVC:  0 out of 4 (0%)
   Number of ECLKSYNCA:  0 out of 4 (0%)
   Number of ECLKBRIDGECS:  0 out of 2 (0%)
   Notes:-
      1. Total number of LUT4s = (Number of logic LUT4s) + 2*(Number of distributed RAMs) + 2*(Number of ripple logic)
      2. Number of logic LUT4s does not include count of distributed RAM and ripple logic.
   Number of clocks:  1
     Net clk: 26 loads, 26 rising, 0 falling (Driver: u_osc )
   Number of Clock Enables:  1
     Net clk_enable_16: 13 loads, 13 LSLICEs
   Number of LSRs:  4
     Net n512: 3 loads, 3 LSLICEs
     Net n1061: 12 loads, 12 LSLICEs
     Net n586: 5 loads, 5 LSLICEs
     Net n579: 5 loads, 5 LSLICEs
   Number of nets driven by tri-state buffers:  0
   Top 10 highest fanout non-clock nets:
     Net n1061: 15 loads
     Net clk_enable_16: 13 loads
     Net pc_counter_1: 12 loads
     Net pc_counter_2: 12 loads
     Net pc_counter_3: 11 loads
     Net pc_counter_0: 7 loads
     Net pc_counter_4: 7 loads
     Net clk_out: 5 loads
     Net n5: 5 loads
     Net n586: 5 loads
 

   Number of warnings:  0
   Number of errors:    0



Total CPU Time: 0 secs  
Total REAL Time: 0 secs  
Peak Memory Usage: 59 MB

Dumping design to file BIT_PROCESSOR_impl_1_map.ncd.

ncd2vdb "BIT_PROCESSOR_impl_1_map.ncd" ".vdbs/BIT_PROCESSOR_impl_1_map.vdb"

Loading device for application ncd2vdb from file 'xo3c6900.nph' in environment: D:/ADELSOFT/LATTICE/ispfpga.

mpartrce -p "BIT_PROCESSOR_impl_1.p2t" -f "BIT_PROCESSOR_impl_1.p3t" -tf "BIT_PROCESSOR_impl_1.pt" "BIT_PROCESSOR_impl_1_map.ncd" "BIT_PROCESSOR_impl_1.ncd"

---- MParTrce Tool ----
Removing old design directory at request of -rem command line option to this program.
Running par. Please wait . . .

Lattice Place and Route Report for Design "BIT_PROCESSOR_impl_1_map.ncd"
Sat Oct 03 16:04:53 2026

PAR: Place And Route Diamond (64-bit) 3.14.0.75.2.
Command Line: par -w -l 5 -i 6 -t 1 -c 0 -e 0 -gui -msgset D:/ADELSOFT/LATTICE/projects/bit_processor/promote.xml -exp parUseNBR=1:parCDP=0:parCDR=0:parPathBased=OFF:parASE=1 BIT_PROCESSOR_impl_1_map.ncd BIT_PROCESSOR_impl_1.dir/5_1.ncd BIT_PROCESSOR_impl_1.prf
Preference file: BIT_PROCESSOR_impl_1.prf.
Placement level-cost: 5-1.
Routing Iterations: 6

Loading design for application par from file BIT_PROCESSOR_impl_1_map.ncd.
Design name: top
NCD version: 3.3
Vendor:      LATTICE
Device:      LCMXO3L-6900C
Package:     CABGA256
Performance: 5
Loading device for application par from file 'xo3c6900.nph' in environment: D:/ADELSOFT/LATTICE/ispfpga.
Package Status:                     Final          Version 1.17.
Performance Hardware Data Status:   Final          Version 37.5.
License checked out.


Ignore Preference Error(s):  True
Device utilization summary:

   PIO (prelim)    9+4(JTAG)/336     4% used
                   9+4(JTAG)/207     6% bonded

   SLICE             34/3432         <1% used

   OSC                1/1           100% used


Number of Signals: 119
Number of Connections: 265
    <postMsg mid="61061045" type="Warning" dynamic="0" navigation="0"  />

Pin Constraint Summary:
   9 out of 9 pins locked (100% locked).

The following 1 signal is selected to use the primary clock routing resources:
    clk (driver: u_osc, clk load #: 26)


The following 2 signals are selected to use the secondary clock routing resources:
    clk_enable_16 (driver: u_div/SLICE_31, clk load #: 0, sr load #: 0, ce load #: 13)
    n1061 (driver: SLICE_29, clk load #: 0, sr load #: 12, ce load #: 0)

No signal is selected as Global Set/Reset.
Starting Placer Phase 0.

Finished Placer Phase 0.  REAL time: 0 secs 

Starting Placer Phase 1.
....................
Placer score = 15927.
Finished Placer Phase 1.  REAL time: 3 secs 

Starting Placer Phase 2.
.
Placer score =  15927
Finished Placer Phase 2.  REAL time: 3 secs 


------------------ Clock Report ------------------

Global Clock Resources:
  CLK_PIN    : 0 out of 8 (0%)
  PLL        : 0 out of 2 (0%)
  DCM        : 0 out of 2 (0%)
  DCC        : 0 out of 8 (0%)

Global Clocks:
  PRIMARY "clk" from OSC on comp "u_osc" on site "OSC", clk load = 26
  SECONDARY "clk_enable_16" from F1 on comp "u_div/SLICE_31" on site "R14C20D", clk load = 0, ce load = 13, sr load = 0
  SECONDARY "n1061" from F1 on comp "SLICE_29" on site "R14C20A", clk load = 0, ce load = 0, sr load = 12

  PRIMARY  : 1 out of 8 (12%)
  SECONDARY: 2 out of 8 (25%)

Edge Clocks:
  No edge clock selected.

--------------- End of Clock Report ---------------


I/O Usage Summary (final):
   9 + 4(JTAG) out of 336 (3.9%) PIO sites used.
   9 + 4(JTAG) out of 207 (6.3%) bonded PIO sites used.
   Number of PIO comps: 9; differential: 0.
   Number of Vref pins used: 0.

I/O Bank Usage Summary:
+----------+---------------+------------+-----------+
| I/O Bank | Usage         | Bank Vccio | Bank Vref |
+----------+---------------+------------+-----------+
| 0        | 1 / 51 (  1%) | 3.3V       | -         |
| 1        | 8 / 52 ( 15%) | 3.3V       | -         |
| 2        | 0 / 52 (  0%) | -          | -         |
| 3        | 0 / 16 (  0%) | -          | -         |
| 4        | 0 / 16 (  0%) | -          | -         |
| 5        | 0 / 20 (  0%) | -          | -         |
+----------+---------------+------------+-----------+

Total placer CPU time: 3 secs 

Dumping design to file BIT_PROCESSOR_impl_1.dir/5_1.ncd.

0 connections routed; 265 unrouted.
Starting router resource preassignment

Completed router resource preassignment. Real time: 4 secs 

Start NBR router at 16:04:57 10/03/26

*****************************************************************
Info: NBR allows conflicts(one node used by more than one signal)
      in the earlier iterations. In each iteration, it tries to  
      solve the conflicts while keeping the critical connections 
      routed as short as possible. The routing process is said to
      be completed when no conflicts exist and all connections   
      are routed.                                                
Note: NBR uses a different method to calculate timing slacks. The
      worst slack and total negative slack may not be the same as
      that in TRCE report. You should always run TRCE to verify  
      your design.                                               
*****************************************************************

Start NBR special constraint process at 16:04:58 10/03/26

Start NBR section for initial routing at 16:04:58 10/03/26
Level 4, iteration 1
4(0.00%) conflicts; 0(0.00%) untouched conn; 0 (nbr) score; 
Estimated worst slack/total negative slack<setup>: 71.573ns/0.000ns; real time: 5 secs 

Info: Initial congestion level at 75% usage is 0
Info: Initial congestion area  at 75% usage is 0 (0.00%)

Start NBR section for normal routing at 16:04:58 10/03/26
Level 4, iteration 1
2(0.00%) conflicts; 0(0.00%) untouched conn; 0 (nbr) score; 
Estimated worst slack/total negative slack<setup>: 71.573ns/0.000ns; real time: 5 secs 
Level 4, iteration 2
0(0.00%) conflict; 0(0.00%) untouched conn; 0 (nbr) score; 
Estimated worst slack/total negative slack<setup>: 71.573ns/0.000ns; real time: 5 secs 

Start NBR section for setup/hold timing optimization with effort level 3 at 16:04:58 10/03/26

Start NBR section for re-routing at 16:04:58 10/03/26
Level 4, iteration 1
0(0.00%) conflict; 0(0.00%) untouched conn; 0 (nbr) score; 
Estimated worst slack/total negative slack<setup>: 71.573ns/0.000ns; real time: 5 secs 

Start NBR section for post-routing at 16:04:58 10/03/26

End NBR router with 0 unrouted connection

NBR Summary
-----------
  Number of unrouted connections : 0 (0.00%)
  Number of connections with timing violations : 0 (0.00%)
  Estimated worst slack<setup> : 71.573ns
  Timing score<setup> : 0
-----------
Notes: The timing info is calculated for SETUP only and all PAR_ADJs are ignored.



Total CPU time 4 secs 
Total REAL time: 5 secs 
Completely routed.
End of route.  265 routed (100.00%); 0 unrouted.

Hold time timing score: 0, hold timing errors: 0

Timing score: 0 

Dumping design to file BIT_PROCESSOR_impl_1.dir/5_1.ncd.


PAR_SUMMARY::Run status = Completed
PAR_SUMMARY::Number of unrouted conns = 0
PAR_SUMMARY::Worst  slack<setup/<ns>> = 71.573
PAR_SUMMARY::Timing score<setup/<ns>> = 0.000
PAR_SUMMARY::Worst  slack<hold /<ns>> = 0.379
PAR_SUMMARY::Timing score<hold /<ns>> = 0.000
PAR_SUMMARY::Number of errors = 0

Total CPU  time to completion: 4 secs 
Total REAL time to completion: 5 secs 

par done!

Note: user must run 'Trace' for timing closure signoff.

Copyright (c) 1991-1994 by NeoCAD Inc. All rights reserved.
Copyright (c) 1995 AT&T Corp.   All rights reserved.
Copyright (c) 1995-2001 Lucent Technologies Inc.  All rights reserved.
Copyright (c) 2001 Agere Systems   All rights reserved.
Copyright (c) 2002-2024 Lattice Semiconductor Corporation,  All rights reserved.
Exiting par with exit code 0
Exiting mpartrce with exit code 0

trce -f "BIT_PROCESSOR_impl_1.pt" -o "BIT_PROCESSOR_impl_1.twr" "BIT_PROCESSOR_impl_1.ncd" "BIT_PROCESSOR_impl_1.prf"
trce:  version Diamond (64-bit) 3.14.0.75.2

Copyright (c) 1991-1994 by NeoCAD Inc. All rights reserved.
Copyright (c) 1995 AT&T Corp.   All rights reserved.
Copyright (c) 1995-2001 Lucent Technologies Inc.  All rights reserved.
Copyright (c) 2001 Agere Systems   All rights reserved.
Copyright (c) 2002-2024 Lattice Semiconductor Corporation,  All rights reserved.

Loading design for application trce from file bit_processor_impl_1.ncd.
Design name: top
NCD version: 3.3
Vendor:      LATTICE
Device:      LCMXO3L-6900C
Package:     CABGA256
Performance: 5
Loading device for application trce from file 'xo3c6900.nph' in environment: D:/ADELSOFT/LATTICE/ispfpga.
Package Status:                     Final          Version 1.17.
Performance Hardware Data Status:   Final          Version 37.5.
Setup and Hold Report

--------------------------------------------------------------------------------
Lattice TRACE Report - Setup, Version Diamond (64-bit) 3.14.0.75.2
Sat Oct 03 16:04:59 2026

Copyright (c) 1991-1994 by NeoCAD Inc. All rights reserved.
Copyright (c) 1995 AT&T Corp.   All rights reserved.
Copyright (c) 1995-2001 Lucent Technologies Inc.  All rights reserved.
Copyright (c) 2001 Agere Systems   All rights reserved.
Copyright (c) 2002-2024 Lattice Semiconductor Corporation,  All rights reserved.

Report Information
------------------
Command line:    trce -v 10 -gt -sethld -sp 5 -sphld m -o BIT_PROCESSOR_impl_1.twr -gui -msgset D:/ADELSOFT/LATTICE/projects/bit_processor/promote.xml BIT_PROCESSOR_impl_1.ncd BIT_PROCESSOR_impl_1.prf 
Design file:     bit_processor_impl_1.ncd
Preference file: bit_processor_impl_1.prf
Device,speed:    LCMXO3L-6900C,5
Report level:    verbose report, limited to 10 items per preference
--------------------------------------------------------------------------------

BLOCK ASYNCPATHS
BLOCK RESETPATHS
--------------------------------------------------------------------------------



Timing summary (Setup):
---------------

Timing errors: 0  Score: 0
Cumulative negative slack: 0

Constraints cover 1225 paths, 1 nets, and 264 connections (99.62% coverage)

--------------------------------------------------------------------------------
Lattice TRACE Report - Hold, Version Diamond (64-bit) 3.14.0.75.2
Sat Oct 03 16:04:59 2026

Copyright (c) 1991-1994 by NeoCAD Inc. All rights reserved.
Copyright (c) 1995 AT&T Corp.   All rights reserved.
Copyright (c) 1995-2001 Lucent Technologies Inc.  All rights reserved.
Copyright (c) 2001 Agere Systems   All rights reserved.
Copyright (c) 2002-2024 Lattice Semiconductor Corporation,  All rights reserved.

Report Information
------------------
Command line:    trce -v 10 -gt -sethld -sp 5 -sphld m -o BIT_PROCESSOR_impl_1.twr -gui -msgset D:/ADELSOFT/LATTICE/projects/bit_processor/promote.xml BIT_PROCESSOR_impl_1.ncd BIT_PROCESSOR_impl_1.prf 
Design file:     bit_processor_impl_1.ncd
Preference file: bit_processor_impl_1.prf
Device,speed:    LCMXO3L-6900C,m
Report level:    verbose report, limited to 10 items per preference
--------------------------------------------------------------------------------

BLOCK ASYNCPATHS
BLOCK RESETPATHS
--------------------------------------------------------------------------------



Timing summary (Hold):
---------------

Timing errors: 0  Score: 0
Cumulative negative slack: 0

Constraints cover 1225 paths, 1 nets, and 264 connections (99.62% coverage)



Timing summary (Setup and Hold):
---------------

Timing errors: 0 (setup), 0 (hold)
Score: 0 (setup), 0 (hold)
Cumulative negative slack: 0 (0+0)
--------------------------------------------------------------------------------

--------------------------------------------------------------------------------

Total CPU Time: 0 secs 
Total REAL Time: 0 secs 
Peak Memory Usage: 68 MB


tmcheck -par "BIT_PROCESSOR_impl_1.par" 

bitgen -f "BIT_PROCESSOR_impl_1.t2b" -w "BIT_PROCESSOR_impl_1.ncd"  "BIT_PROCESSOR_impl_1.prf"


BITGEN: Bitstream Generator Diamond (64-bit) 3.14.0.75.2
Copyright (c) 1991-1994 by NeoCAD Inc. All rights reserved.
Copyright (c) 1995 AT&T Corp.   All rights reserved.
Copyright (c) 1995-2001 Lucent Technologies Inc.  All rights reserved.
Copyright (c) 2001 Agere Systems   All rights reserved.
Copyright (c) 2002-2024 Lattice Semiconductor Corporation,  All rights reserved.


Loading design for application Bitgen from file BIT_PROCESSOR_impl_1.ncd.
Design name: top
NCD version: 3.3
Vendor:      LATTICE
Device:      LCMXO3L-6900C
Package:     CABGA256
Performance: 5
Loading device for application Bitgen from file 'xo3c6900.nph' in environment: D:/ADELSOFT/LATTICE/ispfpga.
Package Status:                     Final          Version 1.17.
Performance Hardware Data Status:   Final          Version 37.5.

Running DRC.
DRC detected 0 errors and 0 warnings.
Reading Preference File from BIT_PROCESSOR_impl_1.prf.
    <postMsg mid="1009992" type="Info"    dynamic="1" navigation="0" arg0=" SW_XO3D_SECURITY_ENCRYPTION *NOT* controlled by xo3c00a.acd ###"  />
    <postMsg mid="1009992" type="Info"    dynamic="1" navigation="0" arg0=" SW_XO3D_SECURITY_ENCRYPTION license_securityIP OK"  />

Preference Summary:
+---------------------------------+---------------------------------+
|  Preference                     |  Current Setting                |
+---------------------------------+---------------------------------+
|                         RamCfg  |                        Reset**  |
+---------------------------------+---------------------------------+
|                     MCCLK_FREQ  |                         2.08**  |
+---------------------------------+---------------------------------+
|                  CONFIG_SECURE  |                          OFF**  |
+---------------------------------+---------------------------------+
|                          INBUF  |                           ON**  |
+---------------------------------+---------------------------------+
|                      JTAG_PORT  |                       ENABLE**  |
+---------------------------------+---------------------------------+
|                       SDM_PORT  |                      DISABLE**  |
+---------------------------------+---------------------------------+
|                 SLAVE_SPI_PORT  |                       ENABLE**  |
+---------------------------------+---------------------------------+
|                MASTER_SPI_PORT  |                      DISABLE**  |
+---------------------------------+---------------------------------+
|                       I2C_PORT  |                      DISABLE**  |
+---------------------------------+---------------------------------+
|        MUX_CONFIGURATION_PORTS  |                      DISABLE**  |
+---------------------------------+---------------------------------+
|                  CONFIGURATION  |                          CFG**  |
+---------------------------------+---------------------------------+
|                COMPRESS_CONFIG  |                           ON**  |
+---------------------------------+---------------------------------+
|                        MY_ASSP  |                          OFF**  |
+---------------------------------+---------------------------------+
|               ONE_TIME_PROGRAM  |                          OFF**  |
+---------------------------------+---------------------------------+
|                 ENABLE_TRANSFR  |                      DISABLE**  |
+---------------------------------+---------------------------------+
|                  SHAREDEBRINIT  |                      DISABLE**  |
+---------------------------------+---------------------------------+
|            BACKGROUND_RECONFIG  |                          OFF**  |
+---------------------------------+---------------------------------+
|                 DUALBOOTGOLDEN  |                     INTERNAL**  |
+---------------------------------+---------------------------------+
 *  Default setting.
 ** The specified setting matches the default setting.


Creating bit map...
 
Bitstream Status: Final           Version 1.95.
 
Saving bit stream in "BIT_PROCESSOR_impl_1.bit".
Total CPU Time: 2 secs 
Total REAL Time: 3 secs 
Peak Memory Usage: 290 MB

tmcheck -par "BIT_PROCESSOR_impl_1.par" 

bitgen -f "BIT_PROCESSOR_impl_1.t2b" -w "BIT_PROCESSOR_impl_1.ncd"  -jedec "BIT_PROCESSOR_impl_1.prf"


BITGEN: Bitstream Generator Diamond (64-bit) 3.14.0.75.2
Copyright (c) 1991-1994 by NeoCAD Inc. All rights reserved.
Copyright (c) 1995 AT&T Corp.   All rights reserved.
Copyright (c) 1995-2001 Lucent Technologies Inc.  All rights reserved.
Copyright (c) 2001 Agere Systems   All rights reserved.
Copyright (c) 2002-2024 Lattice Semiconductor Corporation,  All rights reserved.


Loading design for application Bitgen from file BIT_PROCESSOR_impl_1.ncd.
Design name: top
NCD version: 3.3
Vendor:      LATTICE
Device:      LCMXO3L-6900C
Package:     CABGA256
Performance: 5
Loading device for application Bitgen from file 'xo3c6900.nph' in environment: D:/ADELSOFT/LATTICE/ispfpga.
Package Status:                     Final          Version 1.17.
Performance Hardware Data Status:   Final          Version 37.5.

Running DRC.
DRC detected 0 errors and 0 warnings.
Reading Preference File from BIT_PROCESSOR_impl_1.prf.
    <postMsg mid="1009992" type="Info"    dynamic="1" navigation="0" arg0=" SW_XO3D_SECURITY_ENCRYPTION *NOT* controlled by xo3c00a.acd ###"  />
    <postMsg mid="1009992" type="Info"    dynamic="1" navigation="0" arg0=" SW_XO3D_SECURITY_ENCRYPTION license_securityIP OK"  />

Preference Summary:
+---------------------------------+---------------------------------+
|  Preference                     |  Current Setting                |
+---------------------------------+---------------------------------+
|                         RamCfg  |                        Reset**  |
+---------------------------------+---------------------------------+
|                     MCCLK_FREQ  |                         2.08**  |
+---------------------------------+---------------------------------+
|                  CONFIG_SECURE  |                          OFF**  |
+---------------------------------+---------------------------------+
|                          INBUF  |                           ON**  |
+---------------------------------+---------------------------------+
|                      JTAG_PORT  |                       ENABLE**  |
+---------------------------------+---------------------------------+
|                       SDM_PORT  |                      DISABLE**  |
+---------------------------------+---------------------------------+
|                 SLAVE_SPI_PORT  |                       ENABLE**  |
+---------------------------------+---------------------------------+
|                MASTER_SPI_PORT  |                      DISABLE**  |
+---------------------------------+---------------------------------+
|                       I2C_PORT  |                      DISABLE**  |
+---------------------------------+---------------------------------+
|        MUX_CONFIGURATION_PORTS  |                      DISABLE**  |
+---------------------------------+---------------------------------+
|                  CONFIGURATION  |                          CFG**  |
+---------------------------------+---------------------------------+
|                COMPRESS_CONFIG  |                           ON**  |
+---------------------------------+---------------------------------+
|                        MY_ASSP  |                          OFF**  |
+---------------------------------+---------------------------------+
|               ONE_TIME_PROGRAM  |                          OFF**  |
+---------------------------------+---------------------------------+
|                 ENABLE_TRANSFR  |                      DISABLE**  |
+---------------------------------+---------------------------------+
|                  SHAREDEBRINIT  |                      DISABLE**  |
+---------------------------------+---------------------------------+
|            BACKGROUND_RECONFIG  |                          OFF**  |
+---------------------------------+---------------------------------+
|                 DUALBOOTGOLDEN  |                     INTERNAL**  |
+---------------------------------+---------------------------------+
 *  Default setting.
 ** The specified setting matches the default setting.


Creating bit map...
 
Bitstream Status: Final           Version 1.95.
 
Saving bit stream in "BIT_PROCESSOR_impl_1.jed".
=========
Padding summary
=========
Padded 1237248 bits for this design


Total CPU Time: 2 secs 
Total REAL Time: 2 secs 
Peak Memory Usage: 290 MB
