
Loading design for application trce from file bit_processor_impl_1.ncd.
Design name: top
NCD version: 3.3
Vendor:      LATTICE
Device:      LCMXO3L-6900C
Package:     CABGA256
Performance: 5
Loading device for application trce from file 'xo3c6900.nph' in environment: D:/ADELSOFT/LATTICE/ispfpga.
Package Status:                     Final          Version 1.17.
Performance Hardware Data Status:   Final          Version 37.5.
Setup and Hold Report

--------------------------------------------------------------------------------
Lattice TRACE Report - Setup, Version Diamond (64-bit) 3.14.0.75.2
Sat Oct 03 23:06:45 2026

Copyright (c) 1991-1994 by NeoCAD Inc. All rights reserved.
Copyright (c) 1995 AT&T Corp.   All rights reserved.
Copyright (c) 1995-2001 Lucent Technologies Inc.  All rights reserved.
Copyright (c) 2001 Agere Systems   All rights reserved.
Copyright (c) 2002-2024 Lattice Semiconductor Corporation,  All rights reserved.

Report Information
------------------
Command line:    trce -v 10 -gt -sethld -sp 5 -sphld m -o BIT_PROCESSOR_impl_1.twr -gui -msgset D:/ADELSOFT/LATTICE/projects/bit_processor/promote.xml BIT_PROCESSOR_impl_1.ncd BIT_PROCESSOR_impl_1.prf 
Design file:     bit_processor_impl_1.ncd
Preference file: bit_processor_impl_1.prf
Device,speed:    LCMXO3L-6900C,5
Report level:    verbose report, limited to 10 items per preference
--------------------------------------------------------------------------------

BLOCK ASYNCPATHS
BLOCK RESETPATHS
--------------------------------------------------------------------------------



================================================================================
Preference: FREQUENCY NET "clk" 12.090000 MHz ;
            1213 items scored, 0 timing errors detected.
--------------------------------------------------------------------------------


Passed: The following path meets requirements by 73.974ns

 Logical Details:  Cell type  Pin type       Cell/ASIC name  (clock net +/-)

   Source:         FF         Q              u_div/cnt_59__i8  (from clk +)
   Destination:    FF         Data in        w/w_out_i0_i5  (to clk +)
                   FF                        w/w_out_i0_i4

   Delay:               8.490ns  (31.4% logic, 68.6% route), 6 logic levels.

 Constraint Details:

      8.490ns physical path delay u_div/SLICE_11 to SLICE_31 meets
     82.713ns delay constraint less
      0.000ns skew and
      0.249ns CE_SET requirement (totaling 82.464ns) by 73.974ns

 Physical Path Details:

      Data path u_div/SLICE_11 to SLICE_31:

   Name    Fanout   Delay (ns)          Site               Resource
REG_DEL     ---     0.409    R15C21A.CLK to     R15C21A.Q1 u_div/SLICE_11 (from clk)
ROUTE         2     1.294     R15C21A.Q1 to     R14C21A.A1 u_div/cnt_8
CTOF_DEL    ---     0.452     R14C21A.A1 to     R14C21A.F1 u_div/SLICE_35
ROUTE         1     0.610     R14C21A.F1 to     R14C21A.B0 u_div/n16
CTOF_DEL    ---     0.452     R14C21A.B0 to     R14C21A.F0 u_div/SLICE_35
ROUTE         1     0.541     R14C21A.F0 to     R14C20B.D1 u_div/n12
CTOF_DEL    ---     0.452     R14C20B.D1 to     R14C20B.F1 SLICE_33
ROUTE        18     0.291     R14C20B.F1 to     R14C20D.D0 n645
CTOF_DEL    ---     0.452     R14C20D.D0 to     R14C20D.F0 SLICE_34
ROUTE        15     0.392     R14C20D.F0 to     R14C20D.C1 clk_enable_24
CTOF_DEL    ---     0.452     R14C20D.C1 to     R14C20D.F1 SLICE_34
ROUTE         4     2.693     R14C20D.F1 to     R16C36B.CE clk_enable_20 (to clk)
                  --------
                    8.490   (31.4% logic, 68.6% route), 6 logic levels.

 Clock Skew Details: 

      Source Clock Path u_osc to u_div/SLICE_11:

   Name    Fanout   Delay (ns)          Site               Resource
ROUTE        30     3.765        OSC.OSC to    R15C21A.CLK clk
                  --------
                    3.765   (0.0% logic, 100.0% route), 0 logic levels.

      Destination Clock Path u_osc to SLICE_31:

   Name    Fanout   Delay (ns)          Site               Resource
ROUTE        30     3.765        OSC.OSC to    R16C36B.CLK clk
                  --------
                    3.765   (0.0% logic, 100.0% route), 0 logic levels.


Passed: The following path meets requirements by 73.974ns

 Logical Details:  Cell type  Pin type       Cell/ASIC name  (clock net +/-)

   Source:         FF         Q              u_div/cnt_59__i8  (from clk +)
   Destination:    FF         Data in        w/w_out_i0_i7  (to clk +)
                   FF                        w/w_out_i0_i6

   Delay:               8.490ns  (31.4% logic, 68.6% route), 6 logic levels.

 Constraint Details:

      8.490ns physical path delay u_div/SLICE_11 to SLICE_32 meets
     82.713ns delay constraint less
      0.000ns skew and
      0.249ns CE_SET requirement (totaling 82.464ns) by 73.974ns

 Physical Path Details:

      Data path u_div/SLICE_11 to SLICE_32:

   Name    Fanout   Delay (ns)          Site               Resource
REG_DEL     ---     0.409    R15C21A.CLK to     R15C21A.Q1 u_div/SLICE_11 (from clk)
ROUTE         2     1.294     R15C21A.Q1 to     R14C21A.A1 u_div/cnt_8
CTOF_DEL    ---     0.452     R14C21A.A1 to     R14C21A.F1 u_div/SLICE_35
ROUTE         1     0.610     R14C21A.F1 to     R14C21A.B0 u_div/n16
CTOF_DEL    ---     0.452     R14C21A.B0 to     R14C21A.F0 u_div/SLICE_35
ROUTE         1     0.541     R14C21A.F0 to     R14C20B.D1 u_div/n12
CTOF_DEL    ---     0.452     R14C20B.D1 to     R14C20B.F1 SLICE_33
ROUTE        18     0.291     R14C20B.F1 to     R14C20D.D0 n645
CTOF_DEL    ---     0.452     R14C20D.D0 to     R14C20D.F0 SLICE_34
ROUTE        15     0.392     R14C20D.F0 to     R14C20D.C1 clk_enable_24
CTOF_DEL    ---     0.452     R14C20D.C1 to     R14C20D.F1 SLICE_34
ROUTE         4     2.693     R14C20D.F1 to     R16C36A.CE clk_enable_20 (to clk)
                  --------
                    8.490   (31.4% logic, 68.6% route), 6 logic levels.

 Clock Skew Details: 

      Source Clock Path u_osc to u_div/SLICE_11:

   Name    Fanout   Delay (ns)          Site               Resource
ROUTE        30     3.765        OSC.OSC to    R15C21A.CLK clk
                  --------
                    3.765   (0.0% logic, 100.0% route), 0 logic levels.

      Destination Clock Path u_osc to SLICE_32:

   Name    Fanout   Delay (ns)          Site               Resource
ROUTE        30     3.765        OSC.OSC to    R16C36A.CLK clk
                  --------
                    3.765   (0.0% logic, 100.0% route), 0 logic levels.


Passed: The following path meets requirements by 73.974ns

 Logical Details:  Cell type  Pin type       Cell/ASIC name  (clock net +/-)

   Source:         FF         Q              u_div/cnt_59__i8  (from clk +)
   Destination:    FF         Data in        w/w_out_i0_i1  (to clk +)
                   FF                        w/w_out_i0_i0

   Delay:               8.490ns  (31.4% logic, 68.6% route), 6 logic levels.

 Constraint Details:

      8.490ns physical path delay u_div/SLICE_11 to SLICE_29 meets
     82.713ns delay constraint less
      0.000ns skew and
      0.249ns CE_SET requirement (totaling 82.464ns) by 73.974ns

 Physical Path Details:

      Data path u_div/SLICE_11 to SLICE_29:

   Name    Fanout   Delay (ns)          Site               Resource
REG_DEL     ---     0.409    R15C21A.CLK to     R15C21A.Q1 u_div/SLICE_11 (from clk)
ROUTE         2     1.294     R15C21A.Q1 to     R14C21A.A1 u_div/cnt_8
CTOF_DEL    ---     0.452     R14C21A.A1 to     R14C21A.F1 u_div/SLICE_35
ROUTE         1     0.610     R14C21A.F1 to     R14C21A.B0 u_div/n16
CTOF_DEL    ---     0.452     R14C21A.B0 to     R14C21A.F0 u_div/SLICE_35
ROUTE         1     0.541     R14C21A.F0 to     R14C20B.D1 u_div/n12
CTOF_DEL    ---     0.452     R14C20B.D1 to     R14C20B.F1 SLICE_33
ROUTE        18     0.291     R14C20B.F1 to     R14C20D.D0 n645
CTOF_DEL    ---     0.452     R14C20D.D0 to     R14C20D.F0 SLICE_34
ROUTE        15     0.392     R14C20D.F0 to     R14C20D.C1 clk_enable_24
CTOF_DEL    ---     0.452     R14C20D.C1 to     R14C20D.F1 SLICE_34
ROUTE         4     2.693     R14C20D.F1 to     R16C36C.CE clk_enable_20 (to clk)
                  --------
                    8.490   (31.4% logic, 68.6% route), 6 logic levels.

 Clock Skew Details: 

      Source Clock Path u_osc to u_div/SLICE_11:

   Name    Fanout   Delay (ns)          Site               Resource
ROUTE        30     3.765        OSC.OSC to    R15C21A.CLK clk
                  --------
                    3.765   (0.0% logic, 100.0% route), 0 logic levels.

      Destination Clock Path u_osc to SLICE_29:

   Name    Fanout   Delay (ns)          Site               Resource
ROUTE        30     3.765        OSC.OSC to    R16C36C.CLK clk
                  --------
                    3.765   (0.0% logic, 100.0% route), 0 logic levels.


Passed: The following path meets requirements by 73.974ns

 Logical Details:  Cell type  Pin type       Cell/ASIC name  (clock net +/-)

   Source:         FF         Q              u_div/cnt_59__i8  (from clk +)
   Destination:    FF         Data in        w/w_out_i0_i3  (to clk +)
                   FF                        w/w_out_i0_i2

   Delay:               8.490ns  (31.4% logic, 68.6% route), 6 logic levels.

 Constraint Details:

      8.490ns physical path delay u_div/SLICE_11 to SLICE_30 meets
     82.713ns delay constraint less
      0.000ns skew and
      0.249ns CE_SET requirement (totaling 82.464ns) by 73.974ns

 Physical Path Details:

      Data path u_div/SLICE_11 to SLICE_30:

   Name    Fanout   Delay (ns)          Site               Resource
REG_DEL     ---     0.409    R15C21A.CLK to     R15C21A.Q1 u_div/SLICE_11 (from clk)
ROUTE         2     1.294     R15C21A.Q1 to     R14C21A.A1 u_div/cnt_8
CTOF_DEL    ---     0.452     R14C21A.A1 to     R14C21A.F1 u_div/SLICE_35
ROUTE         1     0.610     R14C21A.F1 to     R14C21A.B0 u_div/n16
CTOF_DEL    ---     0.452     R14C21A.B0 to     R14C21A.F0 u_div/SLICE_35
ROUTE         1     0.541     R14C21A.F0 to     R14C20B.D1 u_div/n12
CTOF_DEL    ---     0.452     R14C20B.D1 to     R14C20B.F1 SLICE_33
ROUTE        18     0.291     R14C20B.F1 to     R14C20D.D0 n645
CTOF_DEL    ---     0.452     R14C20D.D0 to     R14C20D.F0 SLICE_34
ROUTE        15     0.392     R14C20D.F0 to     R14C20D.C1 clk_enable_24
CTOF_DEL    ---     0.452     R14C20D.C1 to     R14C20D.F1 SLICE_34
ROUTE         4     2.693     R14C20D.F1 to     R16C36D.CE clk_enable_20 (to clk)
                  --------
                    8.490   (31.4% logic, 68.6% route), 6 logic levels.

 Clock Skew Details: 

      Source Clock Path u_osc to u_div/SLICE_11:

   Name    Fanout   Delay (ns)          Site               Resource
ROUTE        30     3.765        OSC.OSC to    R15C21A.CLK clk
                  --------
                    3.765   (0.0% logic, 100.0% route), 0 logic levels.

      Destination Clock Path u_osc to SLICE_30:

   Name    Fanout   Delay (ns)          Site               Resource
ROUTE        30     3.765        OSC.OSC to    R16C36D.CLK clk
                  --------
                    3.765   (0.0% logic, 100.0% route), 0 logic levels.


Passed: The following path meets requirements by 74.081ns

 Logical Details:  Cell type  Pin type       Cell/ASIC name  (clock net +/-)

   Source:         FF         Q              u_div/cnt_59__i16  (from clk +)
   Destination:    FF         Data in        w/w_out_i0_i5  (to clk +)
                   FF                        w/w_out_i0_i4

   Delay:               8.383ns  (31.8% logic, 68.2% route), 6 logic levels.

 Constraint Details:

      8.383ns physical path delay u_div/SLICE_9 to SLICE_31 meets
     82.713ns delay constraint less
      0.000ns skew and
      0.249ns CE_SET requirement (totaling 82.464ns) by 74.081ns

 Physical Path Details:

      Data path u_div/SLICE_9 to SLICE_31:

   Name    Fanout   Delay (ns)          Site               Resource
REG_DEL     ---     0.409    R15C22A.CLK to     R15C22A.Q1 u_div/SLICE_9 (from clk)
ROUTE         2     1.187     R15C22A.Q1 to     R14C21A.B1 u_div/cnt_16
CTOF_DEL    ---     0.452     R14C21A.B1 to     R14C21A.F1 u_div/SLICE_35
ROUTE         1     0.610     R14C21A.F1 to     R14C21A.B0 u_div/n16
CTOF_DEL    ---     0.452     R14C21A.B0 to     R14C21A.F0 u_div/SLICE_35
ROUTE         1     0.541     R14C21A.F0 to     R14C20B.D1 u_div/n12
CTOF_DEL    ---     0.452     R14C20B.D1 to     R14C20B.F1 SLICE_33
ROUTE        18     0.291     R14C20B.F1 to     R14C20D.D0 n645
CTOF_DEL    ---     0.452     R14C20D.D0 to     R14C20D.F0 SLICE_34
ROUTE        15     0.392     R14C20D.F0 to     R14C20D.C1 clk_enable_24
CTOF_DEL    ---     0.452     R14C20D.C1 to     R14C20D.F1 SLICE_34
ROUTE         4     2.693     R14C20D.F1 to     R16C36B.CE clk_enable_20 (to clk)
                  --------
                    8.383   (31.8% logic, 68.2% route), 6 logic levels.

 Clock Skew Details: 

      Source Clock Path u_osc to u_div/SLICE_9:

   Name    Fanout   Delay (ns)          Site               Resource
ROUTE        30     3.765        OSC.OSC to    R15C22A.CLK clk
                  --------
                    3.765   (0.0% logic, 100.0% route), 0 logic levels.

      Destination Clock Path u_osc to SLICE_31:

   Name    Fanout   Delay (ns)          Site               Resource
ROUTE        30     3.765        OSC.OSC to    R16C36B.CLK clk
                  --------
                    3.765   (0.0% logic, 100.0% route), 0 logic levels.


Passed: The following path meets requirements by 74.081ns

 Logical Details:  Cell type  Pin type       Cell/ASIC name  (clock net +/-)

   Source:         FF         Q              u_div/cnt_59__i16  (from clk +)
   Destination:    FF         Data in        w/w_out_i0_i7  (to clk +)
                   FF                        w/w_out_i0_i6

   Delay:               8.383ns  (31.8% logic, 68.2% route), 6 logic levels.

 Constraint Details:

      8.383ns physical path delay u_div/SLICE_9 to SLICE_32 meets
     82.713ns delay constraint less
      0.000ns skew and
      0.249ns CE_SET requirement (totaling 82.464ns) by 74.081ns

 Physical Path Details:

      Data path u_div/SLICE_9 to SLICE_32:

   Name    Fanout   Delay (ns)          Site               Resource
REG_DEL     ---     0.409    R15C22A.CLK to     R15C22A.Q1 u_div/SLICE_9 (from clk)
ROUTE         2     1.187     R15C22A.Q1 to     R14C21A.B1 u_div/cnt_16
CTOF_DEL    ---     0.452     R14C21A.B1 to     R14C21A.F1 u_div/SLICE_35
ROUTE         1     0.610     R14C21A.F1 to     R14C21A.B0 u_div/n16
CTOF_DEL    ---     0.452     R14C21A.B0 to     R14C21A.F0 u_div/SLICE_35
ROUTE         1     0.541     R14C21A.F0 to     R14C20B.D1 u_div/n12
CTOF_DEL    ---     0.452     R14C20B.D1 to     R14C20B.F1 SLICE_33
ROUTE        18     0.291     R14C20B.F1 to     R14C20D.D0 n645
CTOF_DEL    ---     0.452     R14C20D.D0 to     R14C20D.F0 SLICE_34
ROUTE        15     0.392     R14C20D.F0 to     R14C20D.C1 clk_enable_24
CTOF_DEL    ---     0.452     R14C20D.C1 to     R14C20D.F1 SLICE_34
ROUTE         4     2.693     R14C20D.F1 to     R16C36A.CE clk_enable_20 (to clk)
                  --------
                    8.383   (31.8% logic, 68.2% route), 6 logic levels.

 Clock Skew Details: 

      Source Clock Path u_osc to u_div/SLICE_9:

   Name    Fanout   Delay (ns)          Site               Resource
ROUTE        30     3.765        OSC.OSC to    R15C22A.CLK clk
                  --------
                    3.765   (0.0% logic, 100.0% route), 0 logic levels.

      Destination Clock Path u_osc to SLICE_32:

   Name    Fanout   Delay (ns)          Site               Resource
ROUTE        30     3.765        OSC.OSC to    R16C36A.CLK clk
                  --------
                    3.765   (0.0% logic, 100.0% route), 0 logic levels.


Passed: The following path meets requirements by 74.081ns

 Logical Details:  Cell type  Pin type       Cell/ASIC name  (clock net +/-)

   Source:         FF         Q              u_div/cnt_59__i16  (from clk +)
   Destination:    FF         Data in        w/w_out_i0_i1  (to clk +)
                   FF                        w/w_out_i0_i0

   Delay:               8.383ns  (31.8% logic, 68.2% route), 6 logic levels.

 Constraint Details:

      8.383ns physical path delay u_div/SLICE_9 to SLICE_29 meets
     82.713ns delay constraint less
      0.000ns skew and
      0.249ns CE_SET requirement (totaling 82.464ns) by 74.081ns

 Physical Path Details:

      Data path u_div/SLICE_9 to SLICE_29:

   Name    Fanout   Delay (ns)          Site               Resource
REG_DEL     ---     0.409    R15C22A.CLK to     R15C22A.Q1 u_div/SLICE_9 (from clk)
ROUTE         2     1.187     R15C22A.Q1 to     R14C21A.B1 u_div/cnt_16
CTOF_DEL    ---     0.452     R14C21A.B1 to     R14C21A.F1 u_div/SLICE_35
ROUTE         1     0.610     R14C21A.F1 to     R14C21A.B0 u_div/n16
CTOF_DEL    ---     0.452     R14C21A.B0 to     R14C21A.F0 u_div/SLICE_35
ROUTE         1     0.541     R14C21A.F0 to     R14C20B.D1 u_div/n12
CTOF_DEL    ---     0.452     R14C20B.D1 to     R14C20B.F1 SLICE_33
ROUTE        18     0.291     R14C20B.F1 to     R14C20D.D0 n645
CTOF_DEL    ---     0.452     R14C20D.D0 to     R14C20D.F0 SLICE_34
ROUTE        15     0.392     R14C20D.F0 to     R14C20D.C1 clk_enable_24
CTOF_DEL    ---     0.452     R14C20D.C1 to     R14C20D.F1 SLICE_34
ROUTE         4     2.693     R14C20D.F1 to     R16C36C.CE clk_enable_20 (to clk)
                  --------
                    8.383   (31.8% logic, 68.2% route), 6 logic levels.

 Clock Skew Details: 

      Source Clock Path u_osc to u_div/SLICE_9:

   Name    Fanout   Delay (ns)          Site               Resource
ROUTE        30     3.765        OSC.OSC to    R15C22A.CLK clk
                  --------
                    3.765   (0.0% logic, 100.0% route), 0 logic levels.

      Destination Clock Path u_osc to SLICE_29:

   Name    Fanout   Delay (ns)          Site               Resource
ROUTE        30     3.765        OSC.OSC to    R16C36C.CLK clk
                  --------
                    3.765   (0.0% logic, 100.0% route), 0 logic levels.


Passed: The following path meets requirements by 74.081ns

 Logical Details:  Cell type  Pin type       Cell/ASIC name  (clock net +/-)

   Source:         FF         Q              u_div/cnt_59__i16  (from clk +)
   Destination:    FF         Data in        w/w_out_i0_i3  (to clk +)
                   FF                        w/w_out_i0_i2

   Delay:               8.383ns  (31.8% logic, 68.2% route), 6 logic levels.

 Constraint Details:

      8.383ns physical path delay u_div/SLICE_9 to SLICE_30 meets
     82.713ns delay constraint less
      0.000ns skew and
      0.249ns CE_SET requirement (totaling 82.464ns) by 74.081ns

 Physical Path Details:

      Data path u_div/SLICE_9 to SLICE_30:

   Name    Fanout   Delay (ns)          Site               Resource
REG_DEL     ---     0.409    R15C22A.CLK to     R15C22A.Q1 u_div/SLICE_9 (from clk)
ROUTE         2     1.187     R15C22A.Q1 to     R14C21A.B1 u_div/cnt_16
CTOF_DEL    ---     0.452     R14C21A.B1 to     R14C21A.F1 u_div/SLICE_35
ROUTE         1     0.610     R14C21A.F1 to     R14C21A.B0 u_div/n16
CTOF_DEL    ---     0.452     R14C21A.B0 to     R14C21A.F0 u_div/SLICE_35
ROUTE         1     0.541     R14C21A.F0 to     R14C20B.D1 u_div/n12
CTOF_DEL    ---     0.452     R14C20B.D1 to     R14C20B.F1 SLICE_33
ROUTE        18     0.291     R14C20B.F1 to     R14C20D.D0 n645
CTOF_DEL    ---     0.452     R14C20D.D0 to     R14C20D.F0 SLICE_34
ROUTE        15     0.392     R14C20D.F0 to     R14C20D.C1 clk_enable_24
CTOF_DEL    ---     0.452     R14C20D.C1 to     R14C20D.F1 SLICE_34
ROUTE         4     2.693     R14C20D.F1 to     R16C36D.CE clk_enable_20 (to clk)
                  --------
                    8.383   (31.8% logic, 68.2% route), 6 logic levels.

 Clock Skew Details: 

      Source Clock Path u_osc to u_div/SLICE_9:

   Name    Fanout   Delay (ns)          Site               Resource
ROUTE        30     3.765        OSC.OSC to    R15C22A.CLK clk
                  --------
                    3.765   (0.0% logic, 100.0% route), 0 logic levels.

      Destination Clock Path u_osc to SLICE_30:

   Name    Fanout   Delay (ns)          Site               Resource
ROUTE        30     3.765        OSC.OSC to    R16C36D.CLK clk
                  --------
                    3.765   (0.0% logic, 100.0% route), 0 logic levels.


Passed: The following path meets requirements by 74.169ns

 Logical Details:  Cell type  Pin type       Cell/ASIC name  (clock net +/-)

   Source:         FF         Q              u_div/cnt_59__i14  (from clk +)
   Destination:    FF         Data in        w/w_out_i0_i1  (to clk +)
                   FF                        w/w_out_i0_i0

   Delay:               8.295ns  (32.2% logic, 67.8% route), 6 logic levels.

 Constraint Details:

      8.295ns physical path delay u_div/SLICE_10 to SLICE_29 meets
     82.713ns delay constraint less
      0.000ns skew and
      0.249ns CE_SET requirement (totaling 82.464ns) by 74.169ns

 Physical Path Details:

      Data path u_div/SLICE_10 to SLICE_29:

   Name    Fanout   Delay (ns)          Site               Resource
REG_DEL     ---     0.409    R15C21D.CLK to     R15C21D.Q1 u_div/SLICE_10 (from clk)
ROUTE         2     1.099     R15C21D.Q1 to     R14C21A.C1 u_div/cnt_14
CTOF_DEL    ---     0.452     R14C21A.C1 to     R14C21A.F1 u_div/SLICE_35
ROUTE         1     0.610     R14C21A.F1 to     R14C21A.B0 u_div/n16
CTOF_DEL    ---     0.452     R14C21A.B0 to     R14C21A.F0 u_div/SLICE_35
ROUTE         1     0.541     R14C21A.F0 to     R14C20B.D1 u_div/n12
CTOF_DEL    ---     0.452     R14C20B.D1 to     R14C20B.F1 SLICE_33
ROUTE        18     0.291     R14C20B.F1 to     R14C20D.D0 n645
CTOF_DEL    ---     0.452     R14C20D.D0 to     R14C20D.F0 SLICE_34
ROUTE        15     0.392     R14C20D.F0 to     R14C20D.C1 clk_enable_24
CTOF_DEL    ---     0.452     R14C20D.C1 to     R14C20D.F1 SLICE_34
ROUTE         4     2.693     R14C20D.F1 to     R16C36C.CE clk_enable_20 (to clk)
                  --------
                    8.295   (32.2% logic, 67.8% route), 6 logic levels.

 Clock Skew Details: 

      Source Clock Path u_osc to u_div/SLICE_10:

   Name    Fanout   Delay (ns)          Site               Resource
ROUTE        30     3.765        OSC.OSC to    R15C21D.CLK clk
                  --------
                    3.765   (0.0% logic, 100.0% route), 0 logic levels.

      Destination Clock Path u_osc to SLICE_29:

   Name    Fanout   Delay (ns)          Site               Resource
ROUTE        30     3.765        OSC.OSC to    R16C36C.CLK clk
                  --------
                    3.765   (0.0% logic, 100.0% route), 0 logic levels.


Passed: The following path meets requirements by 74.169ns

 Logical Details:  Cell type  Pin type       Cell/ASIC name  (clock net +/-)

   Source:         FF         Q              u_div/cnt_59__i14  (from clk +)
   Destination:    FF         Data in        w/w_out_i0_i3  (to clk +)
                   FF                        w/w_out_i0_i2

   Delay:               8.295ns  (32.2% logic, 67.8% route), 6 logic levels.

 Constraint Details:

      8.295ns physical path delay u_div/SLICE_10 to SLICE_30 meets
     82.713ns delay constraint less
      0.000ns skew and
      0.249ns CE_SET requirement (totaling 82.464ns) by 74.169ns

 Physical Path Details:

      Data path u_div/SLICE_10 to SLICE_30:

   Name    Fanout   Delay (ns)          Site               Resource
REG_DEL     ---     0.409    R15C21D.CLK to     R15C21D.Q1 u_div/SLICE_10 (from clk)
ROUTE         2     1.099     R15C21D.Q1 to     R14C21A.C1 u_div/cnt_14
CTOF_DEL    ---     0.452     R14C21A.C1 to     R14C21A.F1 u_div/SLICE_35
ROUTE         1     0.610     R14C21A.F1 to     R14C21A.B0 u_div/n16
CTOF_DEL    ---     0.452     R14C21A.B0 to     R14C21A.F0 u_div/SLICE_35
ROUTE         1     0.541     R14C21A.F0 to     R14C20B.D1 u_div/n12
CTOF_DEL    ---     0.452     R14C20B.D1 to     R14C20B.F1 SLICE_33
ROUTE        18     0.291     R14C20B.F1 to     R14C20D.D0 n645
CTOF_DEL    ---     0.452     R14C20D.D0 to     R14C20D.F0 SLICE_34
ROUTE        15     0.392     R14C20D.F0 to     R14C20D.C1 clk_enable_24
CTOF_DEL    ---     0.452     R14C20D.C1 to     R14C20D.F1 SLICE_34
ROUTE         4     2.693     R14C20D.F1 to     R16C36D.CE clk_enable_20 (to clk)
                  --------
                    8.295   (32.2% logic, 67.8% route), 6 logic levels.

 Clock Skew Details: 

      Source Clock Path u_osc to u_div/SLICE_10:

   Name    Fanout   Delay (ns)          Site               Resource
ROUTE        30     3.765        OSC.OSC to    R15C21D.CLK clk
                  --------
                    3.765   (0.0% logic, 100.0% route), 0 logic levels.

      Destination Clock Path u_osc to SLICE_30:

   Name    Fanout   Delay (ns)          Site               Resource
ROUTE        30     3.765        OSC.OSC to    R16C36D.CLK clk
                  --------
                    3.765   (0.0% logic, 100.0% route), 0 logic levels.

Report:  114.430MHz is the maximum frequency for this preference.

Report Summary
--------------
----------------------------------------------------------------------------
Preference                              |   Constraint|       Actual|Levels
----------------------------------------------------------------------------
                                        |             |             |
FREQUENCY NET "clk" 12.090000 MHz ;     |   12.090 MHz|  114.430 MHz|   6  
                                        |             |             |
----------------------------------------------------------------------------


All preferences were met.


Clock Domains Analysis
------------------------

Found 1 clocks:

Clock Domain: clk   Source: u_osc.OSC   Loads: 30
   Covered under: FREQUENCY NET "clk" 12.090000 MHz ;


Timing summary (Setup):
---------------

Timing errors: 0  Score: 0
Cumulative negative slack: 0

Constraints cover 1213 paths, 1 nets, and 278 connections (99.64% coverage)

--------------------------------------------------------------------------------
Lattice TRACE Report - Hold, Version Diamond (64-bit) 3.14.0.75.2
Sat Oct 03 23:06:45 2026

Copyright (c) 1991-1994 by NeoCAD Inc. All rights reserved.
Copyright (c) 1995 AT&T Corp.   All rights reserved.
Copyright (c) 1995-2001 Lucent Technologies Inc.  All rights reserved.
Copyright (c) 2001 Agere Systems   All rights reserved.
Copyright (c) 2002-2024 Lattice Semiconductor Corporation,  All rights reserved.

Report Information
------------------
Command line:    trce -v 10 -gt -sethld -sp 5 -sphld m -o BIT_PROCESSOR_impl_1.twr -gui -msgset D:/ADELSOFT/LATTICE/projects/bit_processor/promote.xml BIT_PROCESSOR_impl_1.ncd BIT_PROCESSOR_impl_1.prf 
Design file:     bit_processor_impl_1.ncd
Preference file: bit_processor_impl_1.prf
Device,speed:    LCMXO3L-6900C,m
Report level:    verbose report, limited to 10 items per preference
--------------------------------------------------------------------------------

BLOCK ASYNCPATHS
BLOCK RESETPATHS
--------------------------------------------------------------------------------



================================================================================
Preference: FREQUENCY NET "clk" 12.090000 MHz ;
            1213 items scored, 0 timing errors detected.
--------------------------------------------------------------------------------


Passed: The following path meets requirements by 0.379ns

 Logical Details:  Cell type  Pin type       Cell/ASIC name  (clock net +/-)

   Source:         FF         Q              u_div/cnt_59__i12  (from clk +)
   Destination:    FF         Data in        u_div/cnt_59__i12  (to clk +)

   Delay:               0.366ns  (63.9% logic, 36.1% route), 2 logic levels.

 Constraint Details:

      0.366ns physical path delay u_div/SLICE_12 to u_div/SLICE_12 meets
     -0.013ns DIN_HLD and
      0.000ns delay constraint less
      0.000ns skew requirement (totaling -0.013ns) by 0.379ns

 Physical Path Details:

      Data path u_div/SLICE_12 to u_div/SLICE_12:

   Name    Fanout   Delay (ns)          Site               Resource
REG_DEL     ---     0.133    R15C21C.CLK to     R15C21C.Q1 u_div/SLICE_12 (from clk)
ROUTE         2     0.132     R15C21C.Q1 to     R15C21C.A1 u_div/cnt_12
CTOF_DEL    ---     0.101     R15C21C.A1 to     R15C21C.F1 u_div/SLICE_12
ROUTE         1     0.000     R15C21C.F1 to    R15C21C.DI1 u_div/n93 (to clk)
                  --------
                    0.366   (63.9% logic, 36.1% route), 2 logic levels.

 Clock Skew Details: 

      Source Clock Path u_osc to u_div/SLICE_12:

   Name    Fanout   Delay (ns)          Site               Resource
ROUTE        30     1.443        OSC.OSC to    R15C21C.CLK clk
                  --------
                    1.443   (0.0% logic, 100.0% route), 0 logic levels.

      Destination Clock Path u_osc to u_div/SLICE_12:

   Name    Fanout   Delay (ns)          Site               Resource
ROUTE        30     1.443        OSC.OSC to    R15C21C.CLK clk
                  --------
                    1.443   (0.0% logic, 100.0% route), 0 logic levels.


Passed: The following path meets requirements by 0.379ns

 Logical Details:  Cell type  Pin type       Cell/ASIC name  (clock net +/-)

   Source:         FF         Q              u_div/cnt_59__i14  (from clk +)
   Destination:    FF         Data in        u_div/cnt_59__i14  (to clk +)

   Delay:               0.366ns  (63.9% logic, 36.1% route), 2 logic levels.

 Constraint Details:

      0.366ns physical path delay u_div/SLICE_10 to u_div/SLICE_10 meets
     -0.013ns DIN_HLD and
      0.000ns delay constraint less
      0.000ns skew requirement (totaling -0.013ns) by 0.379ns

 Physical Path Details:

      Data path u_div/SLICE_10 to u_div/SLICE_10:

   Name    Fanout   Delay (ns)          Site               Resource
REG_DEL     ---     0.133    R15C21D.CLK to     R15C21D.Q1 u_div/SLICE_10 (from clk)
ROUTE         2     0.132     R15C21D.Q1 to     R15C21D.A1 u_div/cnt_14
CTOF_DEL    ---     0.101     R15C21D.A1 to     R15C21D.F1 u_div/SLICE_10
ROUTE         1     0.000     R15C21D.F1 to    R15C21D.DI1 u_div/n91 (to clk)
                  --------
                    0.366   (63.9% logic, 36.1% route), 2 logic levels.

 Clock Skew Details: 

      Source Clock Path u_osc to u_div/SLICE_10:

   Name    Fanout   Delay (ns)          Site               Resource
ROUTE        30     1.443        OSC.OSC to    R15C21D.CLK clk
                  --------
                    1.443   (0.0% logic, 100.0% route), 0 logic levels.

      Destination Clock Path u_osc to u_div/SLICE_10:

   Name    Fanout   Delay (ns)          Site               Resource
ROUTE        30     1.443        OSC.OSC to    R15C21D.CLK clk
                  --------
                    1.443   (0.0% logic, 100.0% route), 0 logic levels.


Passed: The following path meets requirements by 0.379ns

 Logical Details:  Cell type  Pin type       Cell/ASIC name  (clock net +/-)

   Source:         FF         Q              u_div/cnt_59__i8  (from clk +)
   Destination:    FF         Data in        u_div/cnt_59__i8  (to clk +)

   Delay:               0.366ns  (63.9% logic, 36.1% route), 2 logic levels.

 Constraint Details:

      0.366ns physical path delay u_div/SLICE_11 to u_div/SLICE_11 meets
     -0.013ns DIN_HLD and
      0.000ns delay constraint less
      0.000ns skew requirement (totaling -0.013ns) by 0.379ns

 Physical Path Details:

      Data path u_div/SLICE_11 to u_div/SLICE_11:

   Name    Fanout   Delay (ns)          Site               Resource
REG_DEL     ---     0.133    R15C21A.CLK to     R15C21A.Q1 u_div/SLICE_11 (from clk)
ROUTE         2     0.132     R15C21A.Q1 to     R15C21A.A1 u_div/cnt_8
CTOF_DEL    ---     0.101     R15C21A.A1 to     R15C21A.F1 u_div/SLICE_11
ROUTE         1     0.000     R15C21A.F1 to    R15C21A.DI1 u_div/n97 (to clk)
                  --------
                    0.366   (63.9% logic, 36.1% route), 2 logic levels.

 Clock Skew Details: 

      Source Clock Path u_osc to u_div/SLICE_11:

   Name    Fanout   Delay (ns)          Site               Resource
ROUTE        30     1.443        OSC.OSC to    R15C21A.CLK clk
                  --------
                    1.443   (0.0% logic, 100.0% route), 0 logic levels.

      Destination Clock Path u_osc to u_div/SLICE_11:

   Name    Fanout   Delay (ns)          Site               Resource
ROUTE        30     1.443        OSC.OSC to    R15C21A.CLK clk
                  --------
                    1.443   (0.0% logic, 100.0% route), 0 logic levels.


Passed: The following path meets requirements by 0.379ns

 Logical Details:  Cell type  Pin type       Cell/ASIC name  (clock net +/-)

   Source:         FF         Q              u_div/cnt_59__i2  (from clk +)
   Destination:    FF         Data in        u_div/cnt_59__i2  (to clk +)

   Delay:               0.366ns  (63.9% logic, 36.1% route), 2 logic levels.

 Constraint Details:

      0.366ns physical path delay u_div/SLICE_5 to u_div/SLICE_5 meets
     -0.013ns DIN_HLD and
      0.000ns delay constraint less
      0.000ns skew requirement (totaling -0.013ns) by 0.379ns

 Physical Path Details:

      Data path u_div/SLICE_5 to u_div/SLICE_5:

   Name    Fanout   Delay (ns)          Site               Resource
REG_DEL     ---     0.133    R15C20B.CLK to     R15C20B.Q1 u_div/SLICE_5 (from clk)
ROUTE         2     0.132     R15C20B.Q1 to     R15C20B.A1 u_div/cnt_2
CTOF_DEL    ---     0.101     R15C20B.A1 to     R15C20B.F1 u_div/SLICE_5
ROUTE         1     0.000     R15C20B.F1 to    R15C20B.DI1 u_div/n103 (to clk)
                  --------
                    0.366   (63.9% logic, 36.1% route), 2 logic levels.

 Clock Skew Details: 

      Source Clock Path u_osc to u_div/SLICE_5:

   Name    Fanout   Delay (ns)          Site               Resource
ROUTE        30     1.443        OSC.OSC to    R15C20B.CLK clk
                  --------
                    1.443   (0.0% logic, 100.0% route), 0 logic levels.

      Destination Clock Path u_osc to u_div/SLICE_5:

   Name    Fanout   Delay (ns)          Site               Resource
ROUTE        30     1.443        OSC.OSC to    R15C20B.CLK clk
                  --------
                    1.443   (0.0% logic, 100.0% route), 0 logic levels.


Passed: The following path meets requirements by 0.379ns

 Logical Details:  Cell type  Pin type       Cell/ASIC name  (clock net +/-)

   Source:         FF         Q              u_div/cnt_59__i1  (from clk +)
   Destination:    FF         Data in        u_div/cnt_59__i1  (to clk +)

   Delay:               0.366ns  (63.9% logic, 36.1% route), 2 logic levels.

 Constraint Details:

      0.366ns physical path delay u_div/SLICE_5 to u_div/SLICE_5 meets
     -0.013ns DIN_HLD and
      0.000ns delay constraint less
      0.000ns skew requirement (totaling -0.013ns) by 0.379ns

 Physical Path Details:

      Data path u_div/SLICE_5 to u_div/SLICE_5:

   Name    Fanout   Delay (ns)          Site               Resource
REG_DEL     ---     0.133    R15C20B.CLK to     R15C20B.Q0 u_div/SLICE_5 (from clk)
ROUTE         2     0.132     R15C20B.Q0 to     R15C20B.A0 u_div/cnt_1
CTOF_DEL    ---     0.101     R15C20B.A0 to     R15C20B.F0 u_div/SLICE_5
ROUTE         1     0.000     R15C20B.F0 to    R15C20B.DI0 u_div/n104 (to clk)
                  --------
                    0.366   (63.9% logic, 36.1% route), 2 logic levels.

 Clock Skew Details: 

      Source Clock Path u_osc to u_div/SLICE_5:

   Name    Fanout   Delay (ns)          Site               Resource
ROUTE        30     1.443        OSC.OSC to    R15C20B.CLK clk
                  --------
                    1.443   (0.0% logic, 100.0% route), 0 logic levels.

      Destination Clock Path u_osc to u_div/SLICE_5:

   Name    Fanout   Delay (ns)          Site               Resource
ROUTE        30     1.443        OSC.OSC to    R15C20B.CLK clk
                  --------
                    1.443   (0.0% logic, 100.0% route), 0 logic levels.


Passed: The following path meets requirements by 0.379ns

 Logical Details:  Cell type  Pin type       Cell/ASIC name  (clock net +/-)

   Source:         FF         Q              u_div/cnt_59__i3  (from clk +)
   Destination:    FF         Data in        u_div/cnt_59__i3  (to clk +)

   Delay:               0.366ns  (63.9% logic, 36.1% route), 2 logic levels.

 Constraint Details:

      0.366ns physical path delay u_div/SLICE_4 to u_div/SLICE_4 meets
     -0.013ns DIN_HLD and
      0.000ns delay constraint less
      0.000ns skew requirement (totaling -0.013ns) by 0.379ns

 Physical Path Details:

      Data path u_div/SLICE_4 to u_div/SLICE_4:

   Name    Fanout   Delay (ns)          Site               Resource
REG_DEL     ---     0.133    R15C20C.CLK to     R15C20C.Q0 u_div/SLICE_4 (from clk)
ROUTE         2     0.132     R15C20C.Q0 to     R15C20C.A0 u_div/cnt_3
CTOF_DEL    ---     0.101     R15C20C.A0 to     R15C20C.F0 u_div/SLICE_4
ROUTE         1     0.000     R15C20C.F0 to    R15C20C.DI0 u_div/n102 (to clk)
                  --------
                    0.366   (63.9% logic, 36.1% route), 2 logic levels.

 Clock Skew Details: 

      Source Clock Path u_osc to u_div/SLICE_4:

   Name    Fanout   Delay (ns)          Site               Resource
ROUTE        30     1.443        OSC.OSC to    R15C20C.CLK clk
                  --------
                    1.443   (0.0% logic, 100.0% route), 0 logic levels.

      Destination Clock Path u_osc to u_div/SLICE_4:

   Name    Fanout   Delay (ns)          Site               Resource
ROUTE        30     1.443        OSC.OSC to    R15C20C.CLK clk
                  --------
                    1.443   (0.0% logic, 100.0% route), 0 logic levels.


Passed: The following path meets requirements by 0.379ns

 Logical Details:  Cell type  Pin type       Cell/ASIC name  (clock net +/-)

   Source:         FF         Q              u_div/cnt_59__i6  (from clk +)
   Destination:    FF         Data in        u_div/cnt_59__i6  (to clk +)

   Delay:               0.366ns  (63.9% logic, 36.1% route), 2 logic levels.

 Constraint Details:

      0.366ns physical path delay u_div/SLICE_6 to u_div/SLICE_6 meets
     -0.013ns DIN_HLD and
      0.000ns delay constraint less
      0.000ns skew requirement (totaling -0.013ns) by 0.379ns

 Physical Path Details:

      Data path u_div/SLICE_6 to u_div/SLICE_6:

   Name    Fanout   Delay (ns)          Site               Resource
REG_DEL     ---     0.133    R15C20D.CLK to     R15C20D.Q1 u_div/SLICE_6 (from clk)
ROUTE         2     0.132     R15C20D.Q1 to     R15C20D.A1 u_div/cnt_6
CTOF_DEL    ---     0.101     R15C20D.A1 to     R15C20D.F1 u_div/SLICE_6
ROUTE         1     0.000     R15C20D.F1 to    R15C20D.DI1 u_div/n99 (to clk)
                  --------
                    0.366   (63.9% logic, 36.1% route), 2 logic levels.

 Clock Skew Details: 

      Source Clock Path u_osc to u_div/SLICE_6:

   Name    Fanout   Delay (ns)          Site               Resource
ROUTE        30     1.443        OSC.OSC to    R15C20D.CLK clk
                  --------
                    1.443   (0.0% logic, 100.0% route), 0 logic levels.

      Destination Clock Path u_osc to u_div/SLICE_6:

   Name    Fanout   Delay (ns)          Site               Resource
ROUTE        30     1.443        OSC.OSC to    R15C20D.CLK clk
                  --------
                    1.443   (0.0% logic, 100.0% route), 0 logic levels.


Passed: The following path meets requirements by 0.379ns

 Logical Details:  Cell type  Pin type       Cell/ASIC name  (clock net +/-)

   Source:         FF         Q              u_div/cnt_59__i16  (from clk +)
   Destination:    FF         Data in        u_div/cnt_59__i16  (to clk +)

   Delay:               0.366ns  (63.9% logic, 36.1% route), 2 logic levels.

 Constraint Details:

      0.366ns physical path delay u_div/SLICE_9 to u_div/SLICE_9 meets
     -0.013ns DIN_HLD and
      0.000ns delay constraint less
      0.000ns skew requirement (totaling -0.013ns) by 0.379ns

 Physical Path Details:

      Data path u_div/SLICE_9 to u_div/SLICE_9:

   Name    Fanout   Delay (ns)          Site               Resource
REG_DEL     ---     0.133    R15C22A.CLK to     R15C22A.Q1 u_div/SLICE_9 (from clk)
ROUTE         2     0.132     R15C22A.Q1 to     R15C22A.A1 u_div/cnt_16
CTOF_DEL    ---     0.101     R15C22A.A1 to     R15C22A.F1 u_div/SLICE_9
ROUTE         1     0.000     R15C22A.F1 to    R15C22A.DI1 u_div/n89 (to clk)
                  --------
                    0.366   (63.9% logic, 36.1% route), 2 logic levels.

 Clock Skew Details: 

      Source Clock Path u_osc to u_div/SLICE_9:

   Name    Fanout   Delay (ns)          Site               Resource
ROUTE        30     1.443        OSC.OSC to    R15C22A.CLK clk
                  --------
                    1.443   (0.0% logic, 100.0% route), 0 logic levels.

      Destination Clock Path u_osc to u_div/SLICE_9:

   Name    Fanout   Delay (ns)          Site               Resource
ROUTE        30     1.443        OSC.OSC to    R15C22A.CLK clk
                  --------
                    1.443   (0.0% logic, 100.0% route), 0 logic levels.


Passed: The following path meets requirements by 0.379ns

 Logical Details:  Cell type  Pin type       Cell/ASIC name  (clock net +/-)

   Source:         FF         Q              u_div/cnt_59__i17  (from clk +)
   Destination:    FF         Data in        u_div/cnt_59__i17  (to clk +)

   Delay:               0.366ns  (63.9% logic, 36.1% route), 2 logic levels.

 Constraint Details:

      0.366ns physical path delay u_div/SLICE_8 to u_div/SLICE_8 meets
     -0.013ns DIN_HLD and
      0.000ns delay constraint less
      0.000ns skew requirement (totaling -0.013ns) by 0.379ns

 Physical Path Details:

      Data path u_div/SLICE_8 to u_div/SLICE_8:

   Name    Fanout   Delay (ns)          Site               Resource
REG_DEL     ---     0.133    R15C22B.CLK to     R15C22B.Q0 u_div/SLICE_8 (from clk)
ROUTE         2     0.132     R15C22B.Q0 to     R15C22B.A0 u_div/cnt_17
CTOF_DEL    ---     0.101     R15C22B.A0 to     R15C22B.F0 u_div/SLICE_8
ROUTE         1     0.000     R15C22B.F0 to    R15C22B.DI0 u_div/n88 (to clk)
                  --------
                    0.366   (63.9% logic, 36.1% route), 2 logic levels.

 Clock Skew Details: 

      Source Clock Path u_osc to u_div/SLICE_8:

   Name    Fanout   Delay (ns)          Site               Resource
ROUTE        30     1.443        OSC.OSC to    R15C22B.CLK clk
                  --------
                    1.443   (0.0% logic, 100.0% route), 0 logic levels.

      Destination Clock Path u_osc to u_div/SLICE_8:

   Name    Fanout   Delay (ns)          Site               Resource
ROUTE        30     1.443        OSC.OSC to    R15C22B.CLK clk
                  --------
                    1.443   (0.0% logic, 100.0% route), 0 logic levels.


Passed: The following path meets requirements by 0.379ns

 Logical Details:  Cell type  Pin type       Cell/ASIC name  (clock net +/-)

   Source:         FF         Q              u_div/cnt_59__i18  (from clk +)
   Destination:    FF         Data in        u_div/cnt_59__i18  (to clk +)

   Delay:               0.366ns  (63.9% logic, 36.1% route), 2 logic levels.

 Constraint Details:

      0.366ns physical path delay u_div/SLICE_8 to u_div/SLICE_8 meets
     -0.013ns DIN_HLD and
      0.000ns delay constraint less
      0.000ns skew requirement (totaling -0.013ns) by 0.379ns

 Physical Path Details:

      Data path u_div/SLICE_8 to u_div/SLICE_8:

   Name    Fanout   Delay (ns)          Site               Resource
REG_DEL     ---     0.133    R15C22B.CLK to     R15C22B.Q1 u_div/SLICE_8 (from clk)
ROUTE         2     0.132     R15C22B.Q1 to     R15C22B.A1 u_div/cnt_18
CTOF_DEL    ---     0.101     R15C22B.A1 to     R15C22B.F1 u_div/SLICE_8
ROUTE         1     0.000     R15C22B.F1 to    R15C22B.DI1 u_div/n87 (to clk)
                  --------
                    0.366   (63.9% logic, 36.1% route), 2 logic levels.

 Clock Skew Details: 

      Source Clock Path u_osc to u_div/SLICE_8:

   Name    Fanout   Delay (ns)          Site               Resource
ROUTE        30     1.443        OSC.OSC to    R15C22B.CLK clk
                  --------
                    1.443   (0.0% logic, 100.0% route), 0 logic levels.

      Destination Clock Path u_osc to u_div/SLICE_8:

   Name    Fanout   Delay (ns)          Site               Resource
ROUTE        30     1.443        OSC.OSC to    R15C22B.CLK clk
                  --------
                    1.443   (0.0% logic, 100.0% route), 0 logic levels.

Report Summary
--------------
----------------------------------------------------------------------------
Preference(MIN Delays)                  |   Constraint|       Actual|Levels
----------------------------------------------------------------------------
                                        |             |             |
FREQUENCY NET "clk" 12.090000 MHz ;     |     0.000 ns|     0.379 ns|   2  
                                        |             |             |
----------------------------------------------------------------------------


All preferences were met.


Clock Domains Analysis
------------------------

Found 1 clocks:

Clock Domain: clk   Source: u_osc.OSC   Loads: 30
   Covered under: FREQUENCY NET "clk" 12.090000 MHz ;


Timing summary (Hold):
---------------

Timing errors: 0  Score: 0
Cumulative negative slack: 0

Constraints cover 1213 paths, 1 nets, and 278 connections (99.64% coverage)



Timing summary (Setup and Hold):
---------------

Timing errors: 0 (setup), 0 (hold)
Score: 0 (setup), 0 (hold)
Cumulative negative slack: 0 (0+0)
--------------------------------------------------------------------------------

--------------------------------------------------------------------------------

