
             Lattice Mapping Report File for Design Module 'top'


Design Information
------------------

Command line:   map -a MachXO3L -p LCMXO3L-6900C -t CABGA256 -s 5 -oc Commercial
     BIT_PROCESSOR_impl_1.ngd -o BIT_PROCESSOR_impl_1_map.ncd -pr
     BIT_PROCESSOR_impl_1.prf -mp BIT_PROCESSOR_impl_1.mrp -lpf
     D:/ADELSOFT/LATTICE/projects/bit_processor/impl_1/BIT_PROCESSOR_impl_1.lpf
     -lpf D:/ADELSOFT/LATTICE/projects/bit_processor/BIT_PROCESSOR.lpf -c 0 -gui
     -msgset D:/ADELSOFT/LATTICE/projects/bit_processor/promote.xml 
Target Vendor:  LATTICE
Target Device:  LCMXO3L-6900CCABGA256
Target Performance:   5
Mapper:  xo3c00a,  version:  Diamond (64-bit) 3.14.0.75.2
Mapped on:  10/03/26  23:06:39

Design Summary
--------------

   Number of registers:     45 out of  7485 (1%)
      PFU registers:           45 out of  6864 (1%)
      PIO registers:            0 out of   621 (0%)
   Number of SLICEs:        39 out of  3432 (1%)
      SLICEs as Logic/ROM:     39 out of  3432 (1%)
      SLICEs as RAM:            0 out of  2574 (0%)
      SLICEs as Carry:         14 out of  3432 (0%)
   Number of LUT4s:         69 out of  6864 (1%)
      Number used as logic LUTs:         41
      Number used as distributed RAM:     0
      Number used as ripple logic:       28
      Number used as shift registers:     0
   Number of PIO sites used: 9 + 4(JTAG) out of 207 (6%)
   Number of block RAMs:  0 out of 26 (0%)
   Number of GSRs:        0 out of 1 (0%)
   EFB used :        No
   JTAG used :       No
   Readback used :   No
   Oscillator used : Yes
   Startup used :    No
   POR :             On
   Bandgap :         On
   Number of Power Controller:  0 out of 1 (0%)
   Number of Dynamic Bank Controller (BCINRD):  0 out of 6 (0%)
   Number of Dynamic Bank Controller (BCLVDSO):  0 out of 1 (0%)
   Number of DCCA:  0 out of 8 (0%)
   Number of DCMA:  0 out of 2 (0%)
   Number of PLLs:  0 out of 2 (0%)
   Number of DQSDLLs:  0 out of 2 (0%)
   Number of CLKDIVC:  0 out of 4 (0%)
   Number of ECLKSYNCA:  0 out of 4 (0%)
   Number of ECLKBRIDGECS:  0 out of 2 (0%)
   Notes:-
      1. Total number of LUT4s = (Number of logic LUT4s) + 2*(Number of
     distributed RAMs) + 2*(Number of ripple logic)
      2. Number of logic LUT4s does not include count of distributed RAM and
     ripple logic.
   Number of clocks:  1
     Net clk: 30 loads, 30 rising, 0 falling (Driver: u_osc )
   Number of Clock Enables:  2

                                    Page 1




Design:  top                                           Date:  10/03/26  23:06:39

Design Summary (cont)
---------------------
     Net clk_enable_20: 4 loads, 4 LSLICEs
     Net clk_enable_24: 14 loads, 14 LSLICEs
   Number of LSRs:  6
     Net n645: 11 loads, 11 LSLICEs
     Net n695: 4 loads, 4 LSLICEs
     Net n649: 1 loads, 1 LSLICEs
     Net n564: 3 loads, 3 LSLICEs
     Net n694: 4 loads, 4 LSLICEs
     Net n872: 1 loads, 1 LSLICEs
   Number of nets driven by tri-state buffers:  0
   Top 10 highest fanout non-clock nets:
     Net n645: 18 loads
     Net clk_enable_24: 15 loads
     Net pc_counter_2: 11 loads
     Net pc_counter_4: 11 loads
     Net pc_counter_1: 10 loads
     Net pc_counter_3: 10 loads
     Net clk_out: 7 loads
     Net n2: 5 loads
     Net pc_counter_0: 5 loads
     Net clk_enable_20: 4 loads




   Number of warnings:  0
   Number of errors:    0
     

Design Errors/Warnings
----------------------

   No errors or warnings present.

IO (PIO) Attributes
-------------------

+---------------------+-----------+-----------+------------+
| IO Name             | Direction | Levelmode | IO         |
|                     |           |  IO_TYPE  | Register   |
+---------------------+-----------+-----------+------------+
| led[7]              | OUTPUT    | LVCMOS33  |            |
+---------------------+-----------+-----------+------------+
| rst_n               | INPUT     | LVCMOS33  |            |
+---------------------+-----------+-----------+------------+
| led[0]              | OUTPUT    | LVCMOS33  |            |
+---------------------+-----------+-----------+------------+
| led[1]              | OUTPUT    | LVCMOS33  |            |
+---------------------+-----------+-----------+------------+
| led[2]              | OUTPUT    | LVCMOS33  |            |
+---------------------+-----------+-----------+------------+
| led[3]              | OUTPUT    | LVCMOS33  |            |
+---------------------+-----------+-----------+------------+
| led[4]              | OUTPUT    | LVCMOS33  |            |
+---------------------+-----------+-----------+------------+
| led[5]              | OUTPUT    | LVCMOS33  |            |

                                    Page 2




Design:  top                                           Date:  10/03/26  23:06:39

IO (PIO) Attributes (cont)
--------------------------
+---------------------+-----------+-----------+------------+
| led[6]              | OUTPUT    | LVCMOS33  |            |
+---------------------+-----------+-----------+------------+

Removed logic
-------------

Block i2 undriven or does not drive anything - clipped.
Block GSR_INST undriven or does not drive anything - clipped.
Signal GND_net undriven or does not drive anything - clipped.
Signal VCC_net undriven or does not drive anything - clipped.
Signal u_div/cnt_59_add_4_21/S1 undriven or does not drive anything - clipped.
Signal u_div/cnt_59_add_4_21/CO undriven or does not drive anything - clipped.
Signal u_div/cnt_59_add_4_1/S0 undriven or does not drive anything - clipped.
Signal u_div/cnt_59_add_4_1/CI undriven or does not drive anything - clipped.
Signal u_pc/add_10_5/CO undriven or does not drive anything - clipped.
Signal u_pc/add_10_1/S0 undriven or does not drive anything - clipped.
Signal u_pc/add_10_1/CI undriven or does not drive anything - clipped.
Block i1 was optimized away.

     

OSC Summary
-----------

OSC 1:                                     Pin/Node Value
  OSC Instance Name:                                u_osc
  OSC Type:                                         OSCH
  STDBY Input:                                      NONE
  OSC Output:                              NODE     clk
  OSC Nominal Frequency (MHz):                      12.09

ASIC Components
---------------

Instance Name: u_osc
         Type: OSCH

Run Time and Memory Usage
-------------------------

   Total CPU Time: 0 secs  
   Total REAL Time: 0 secs  
   Peak Memory Usage: 59 MB
        












                                    Page 3


Copyright (c) 1991-1994 by NeoCAD Inc. All rights reserved.
     Copyright (c) 1995 AT&T Corp.   All rights reserved.
     Copyright (c) 1995-2001 Lucent Technologies Inc.  All rights reserved.
     Copyright (c) 2001 Agere Systems   All rights reserved.
     Copyright (c) 2002-2024 Lattice Semiconductor Corporation,  All rights
     reserved.
