
Loading design for application trce from file bit_processor_impl_1.ncd.
Design name: top
NCD version: 3.3
Vendor:      LATTICE
Device:      LCMXO3L-6900C
Package:     CABGA256
Performance: 6
Loading device for application trce from file 'xo3c6900.nph' in environment: D:/ADELSOFT/LATTICE/ispfpga.
Package Status:                     Final          Version 1.17.
Performance Hardware Data Status:   Final          Version 37.5.
Setup and Hold Report

--------------------------------------------------------------------------------
Lattice TRACE Report - Setup, Version Diamond (64-bit) 3.14.0.75.2
Sun Oct 04 21:28:24 2026

Copyright (c) 1991-1994 by NeoCAD Inc. All rights reserved.
Copyright (c) 1995 AT&T Corp.   All rights reserved.
Copyright (c) 1995-2001 Lucent Technologies Inc.  All rights reserved.
Copyright (c) 2001 Agere Systems   All rights reserved.
Copyright (c) 2002-2024 Lattice Semiconductor Corporation,  All rights reserved.

Report Information
------------------
Command line:    trce -v 10 -gt -sethld -sp 6 -sphld m -o BIT_PROCESSOR_impl_1.twr -gui -msgset D:/ADELSOFT/LATTICE/projects/bit_processor/promote.xml BIT_PROCESSOR_impl_1.ncd BIT_PROCESSOR_impl_1.prf 
Design file:     bit_processor_impl_1.ncd
Preference file: bit_processor_impl_1.prf
Device,speed:    LCMXO3L-6900C,6
Report level:    verbose report, limited to 10 items per preference
--------------------------------------------------------------------------------

BLOCK ASYNCPATHS
BLOCK RESETPATHS
--------------------------------------------------------------------------------



================================================================================
Preference: FREQUENCY NET "clk_osc" 12.090000 MHz ;
            1826 items scored, 0 timing errors detected.
--------------------------------------------------------------------------------


Passed: The following path meets requirements by 68.630ns

 Logical Details:  Cell type  Pin type       Cell/ASIC name  (clock net +/-)

   Source:         PDPW8KC    Port           u_ram/mux_31(ASIC)  (from clk_osc +)
   Destination:    FF         Data in        u_w/w_out_i0_i7  (to clk_osc +)

   Delay:              13.783ns  (53.0% logic, 47.0% route), 8 logic levels.

 Constraint Details:

     13.783ns physical path delay u_ram/mux_31 to SLICE_77 meets
     82.713ns delay constraint less
      0.167ns skew and
      0.133ns DIN_SET requirement (totaling 82.413ns) by 68.630ns

 Physical Path Details:

      Data path u_ram/mux_31 to SLICE_77:

   Name    Fanout   Delay (ns)          Site               Resource
C2Q_DEL     ---     4.254 *R_R20C21.CLKR to EBR_R20C21.DO1 u_ram/mux_31 (from clk_osc)
ROUTE         3     1.286 EBR_R20C21.DO1 to     R22C22B.B1 instruction_12
CTOF_DEL    ---     0.408     R22C22B.B1 to     R22C22B.F1 u_decoder/SLICE_113
ROUTE         4     0.359     R22C22B.F1 to     R22C22C.C0 u_decoder/n4358
CTOF_DEL    ---     0.408     R22C22C.C0 to     R22C22C.F0 SLICE_102
ROUTE         9     1.774     R22C22C.F0 to     R22C25D.B1 n4634
CTOF_DEL    ---     0.408     R22C25D.B1 to     R22C25D.F1 u_decoder/SLICE_107
ROUTE        10     0.827     R22C25D.F1 to     R21C25C.A0 u_decoder/n4261
CTOF_DEL    ---     0.408     R21C25C.A0 to     R21C25C.F0 SLICE_103
ROUTE         1     0.351     R21C25C.F0 to     R21C25C.C1 n4631
CTOF_DEL    ---     0.408     R21C25C.C1 to     R21C25C.F1 SLICE_103
ROUTE         8     1.098     R21C25C.F1 to     R22C26B.B0 u_bus_mux/n3482
CTOOFX_DEL  ---     0.601     R22C26B.B0 to   R22C26B.OFX0 u_bus_mux/sel_1__I_0_Mux_7_i3/SLICE_99
ROUTE         1     0.785   R22C26B.OFX0 to     R22C26D.B1 wire_main_bus_7
CTOF_DEL    ---     0.408     R22C26D.B1 to     R22C26D.F1 SLICE_77
ROUTE         1     0.000     R22C26D.F1 to    R22C26D.DI1 wire_alu_b_7 (to clk_osc)
                  --------
                   13.783   (53.0% logic, 47.0% route), 8 logic levels.

 Clock Skew Details: 

      Source Clock Path u_osc to u_ram/mux_31:

   Name    Fanout   Delay (ns)          Site               Resource
ROUTE        26     3.464        OSC.OSC to *R_R20C21.CLKR clk_osc
                  --------
                    3.464   (0.0% logic, 100.0% route), 0 logic levels.

      Destination Clock Path u_osc to SLICE_77:

   Name    Fanout   Delay (ns)          Site               Resource
ROUTE        26     3.297        OSC.OSC to    R22C26D.CLK clk_osc
                  --------
                    3.297   (0.0% logic, 100.0% route), 0 logic levels.


Passed: The following path meets requirements by 68.654ns

 Logical Details:  Cell type  Pin type       Cell/ASIC name  (clock net +/-)

   Source:         PDPW8KC    Port           u_ram/mux_31(ASIC)  (from clk_osc +)
   Destination:    FF         Data in        u_w/w_out_i0_i7  (to clk_osc +)

   Delay:              13.759ns  (53.1% logic, 46.9% route), 8 logic levels.

 Constraint Details:

     13.759ns physical path delay u_ram/mux_31 to SLICE_77 meets
     82.713ns delay constraint less
      0.167ns skew and
      0.133ns DIN_SET requirement (totaling 82.413ns) by 68.654ns

 Physical Path Details:

      Data path u_ram/mux_31 to SLICE_77:

   Name    Fanout   Delay (ns)          Site               Resource
C2Q_DEL     ---     4.254 *R_R20C21.CLKR to *R_R20C21.DO17 u_ram/mux_31 (from clk_osc)
ROUTE         3     1.262 *R_R20C21.DO17 to     R22C22B.A1 instruction_10
CTOF_DEL    ---     0.408     R22C22B.A1 to     R22C22B.F1 u_decoder/SLICE_113
ROUTE         4     0.359     R22C22B.F1 to     R22C22C.C0 u_decoder/n4358
CTOF_DEL    ---     0.408     R22C22C.C0 to     R22C22C.F0 SLICE_102
ROUTE         9     1.774     R22C22C.F0 to     R22C25D.B1 n4634
CTOF_DEL    ---     0.408     R22C25D.B1 to     R22C25D.F1 u_decoder/SLICE_107
ROUTE        10     0.827     R22C25D.F1 to     R21C25C.A0 u_decoder/n4261
CTOF_DEL    ---     0.408     R21C25C.A0 to     R21C25C.F0 SLICE_103
ROUTE         1     0.351     R21C25C.F0 to     R21C25C.C1 n4631
CTOF_DEL    ---     0.408     R21C25C.C1 to     R21C25C.F1 SLICE_103
ROUTE         8     1.098     R21C25C.F1 to     R22C26B.B0 u_bus_mux/n3482
CTOOFX_DEL  ---     0.601     R22C26B.B0 to   R22C26B.OFX0 u_bus_mux/sel_1__I_0_Mux_7_i3/SLICE_99
ROUTE         1     0.785   R22C26B.OFX0 to     R22C26D.B1 wire_main_bus_7
CTOF_DEL    ---     0.408     R22C26D.B1 to     R22C26D.F1 SLICE_77
ROUTE         1     0.000     R22C26D.F1 to    R22C26D.DI1 wire_alu_b_7 (to clk_osc)
                  --------
                   13.759   (53.1% logic, 46.9% route), 8 logic levels.

 Clock Skew Details: 

      Source Clock Path u_osc to u_ram/mux_31:

   Name    Fanout   Delay (ns)          Site               Resource
ROUTE        26     3.464        OSC.OSC to *R_R20C21.CLKR clk_osc
                  --------
                    3.464   (0.0% logic, 100.0% route), 0 logic levels.

      Destination Clock Path u_osc to SLICE_77:

   Name    Fanout   Delay (ns)          Site               Resource
ROUTE        26     3.297        OSC.OSC to    R22C26D.CLK clk_osc
                  --------
                    3.297   (0.0% logic, 100.0% route), 0 logic levels.


Passed: The following path meets requirements by 68.680ns

 Logical Details:  Cell type  Pin type       Cell/ASIC name  (clock net +/-)

   Source:         PDPW8KC    Port           u_ram/mux_31(ASIC)  (from clk_osc +)
   Destination:    FF         Data in        u_w/w_out_i0_i1  (to clk_osc +)

   Delay:              13.733ns  (53.2% logic, 46.8% route), 8 logic levels.

 Constraint Details:

     13.733ns physical path delay u_ram/mux_31 to SLICE_74 meets
     82.713ns delay constraint less
      0.167ns skew and
      0.133ns DIN_SET requirement (totaling 82.413ns) by 68.680ns

 Physical Path Details:

      Data path u_ram/mux_31 to SLICE_74:

   Name    Fanout   Delay (ns)          Site               Resource
C2Q_DEL     ---     4.254 *R_R20C21.CLKR to EBR_R20C21.DO1 u_ram/mux_31 (from clk_osc)
ROUTE         3     1.286 EBR_R20C21.DO1 to     R22C22B.B1 instruction_12
CTOF_DEL    ---     0.408     R22C22B.B1 to     R22C22B.F1 u_decoder/SLICE_113
ROUTE         4     0.359     R22C22B.F1 to     R22C22C.C0 u_decoder/n4358
CTOF_DEL    ---     0.408     R22C22C.C0 to     R22C22C.F0 SLICE_102
ROUTE         9     1.774     R22C22C.F0 to     R22C25D.B1 n4634
CTOF_DEL    ---     0.408     R22C25D.B1 to     R22C25D.F1 u_decoder/SLICE_107
ROUTE        10     0.827     R22C25D.F1 to     R21C25C.A0 u_decoder/n4261
CTOF_DEL    ---     0.408     R21C25C.A0 to     R21C25C.F0 SLICE_103
ROUTE         1     0.351     R21C25C.F0 to     R21C25C.C1 n4631
CTOF_DEL    ---     0.408     R21C25C.C1 to     R21C25C.F1 SLICE_103
ROUTE         8     1.245     R21C25C.F1 to     R22C24D.C0 u_bus_mux/n3482
CTOOFX_DEL  ---     0.601     R22C24D.C0 to   R22C24D.OFX0 u_bus_mux/sel_1__I_0_Mux_1_i3/SLICE_101
ROUTE         1     0.588   R22C24D.OFX0 to     R21C24D.C1 wire_main_bus_1
CTOF_DEL    ---     0.408     R21C24D.C1 to     R21C24D.F1 SLICE_74
ROUTE         1     0.000     R21C24D.F1 to    R21C24D.DI1 wire_alu_b_1 (to clk_osc)
                  --------
                   13.733   (53.2% logic, 46.8% route), 8 logic levels.

 Clock Skew Details: 

      Source Clock Path u_osc to u_ram/mux_31:

   Name    Fanout   Delay (ns)          Site               Resource
ROUTE        26     3.464        OSC.OSC to *R_R20C21.CLKR clk_osc
                  --------
                    3.464   (0.0% logic, 100.0% route), 0 logic levels.

      Destination Clock Path u_osc to SLICE_74:

   Name    Fanout   Delay (ns)          Site               Resource
ROUTE        26     3.297        OSC.OSC to    R21C24D.CLK clk_osc
                  --------
                    3.297   (0.0% logic, 100.0% route), 0 logic levels.


Passed: The following path meets requirements by 68.704ns

 Logical Details:  Cell type  Pin type       Cell/ASIC name  (clock net +/-)

   Source:         PDPW8KC    Port           u_ram/mux_31(ASIC)  (from clk_osc +)
   Destination:    FF         Data in        u_w/w_out_i0_i1  (to clk_osc +)

   Delay:              13.709ns  (53.3% logic, 46.7% route), 8 logic levels.

 Constraint Details:

     13.709ns physical path delay u_ram/mux_31 to SLICE_74 meets
     82.713ns delay constraint less
      0.167ns skew and
      0.133ns DIN_SET requirement (totaling 82.413ns) by 68.704ns

 Physical Path Details:

      Data path u_ram/mux_31 to SLICE_74:

   Name    Fanout   Delay (ns)          Site               Resource
C2Q_DEL     ---     4.254 *R_R20C21.CLKR to *R_R20C21.DO17 u_ram/mux_31 (from clk_osc)
ROUTE         3     1.262 *R_R20C21.DO17 to     R22C22B.A1 instruction_10
CTOF_DEL    ---     0.408     R22C22B.A1 to     R22C22B.F1 u_decoder/SLICE_113
ROUTE         4     0.359     R22C22B.F1 to     R22C22C.C0 u_decoder/n4358
CTOF_DEL    ---     0.408     R22C22C.C0 to     R22C22C.F0 SLICE_102
ROUTE         9     1.774     R22C22C.F0 to     R22C25D.B1 n4634
CTOF_DEL    ---     0.408     R22C25D.B1 to     R22C25D.F1 u_decoder/SLICE_107
ROUTE        10     0.827     R22C25D.F1 to     R21C25C.A0 u_decoder/n4261
CTOF_DEL    ---     0.408     R21C25C.A0 to     R21C25C.F0 SLICE_103
ROUTE         1     0.351     R21C25C.F0 to     R21C25C.C1 n4631
CTOF_DEL    ---     0.408     R21C25C.C1 to     R21C25C.F1 SLICE_103
ROUTE         8     1.245     R21C25C.F1 to     R22C24D.C0 u_bus_mux/n3482
CTOOFX_DEL  ---     0.601     R22C24D.C0 to   R22C24D.OFX0 u_bus_mux/sel_1__I_0_Mux_1_i3/SLICE_101
ROUTE         1     0.588   R22C24D.OFX0 to     R21C24D.C1 wire_main_bus_1
CTOF_DEL    ---     0.408     R21C24D.C1 to     R21C24D.F1 SLICE_74
ROUTE         1     0.000     R21C24D.F1 to    R21C24D.DI1 wire_alu_b_1 (to clk_osc)
                  --------
                   13.709   (53.3% logic, 46.7% route), 8 logic levels.

 Clock Skew Details: 

      Source Clock Path u_osc to u_ram/mux_31:

   Name    Fanout   Delay (ns)          Site               Resource
ROUTE        26     3.464        OSC.OSC to *R_R20C21.CLKR clk_osc
                  --------
                    3.464   (0.0% logic, 100.0% route), 0 logic levels.

      Destination Clock Path u_osc to SLICE_74:

   Name    Fanout   Delay (ns)          Site               Resource
ROUTE        26     3.297        OSC.OSC to    R21C24D.CLK clk_osc
                  --------
                    3.297   (0.0% logic, 100.0% route), 0 logic levels.


Passed: The following path meets requirements by 68.849ns

 Logical Details:  Cell type  Pin type       Cell/ASIC name  (clock net +/-)

   Source:         PDPW8KC    Port           u_ram/mux_31(ASIC)  (from clk_osc +)
   Destination:    FF         Data in        u_w/w_out_i0_i6  (to clk_osc +)

   Delay:              13.564ns  (53.8% logic, 46.2% route), 8 logic levels.

 Constraint Details:

     13.564ns physical path delay u_ram/mux_31 to SLICE_77 meets
     82.713ns delay constraint less
      0.167ns skew and
      0.133ns DIN_SET requirement (totaling 82.413ns) by 68.849ns

 Physical Path Details:

      Data path u_ram/mux_31 to SLICE_77:

   Name    Fanout   Delay (ns)          Site               Resource
C2Q_DEL     ---     4.254 *R_R20C21.CLKR to EBR_R20C21.DO1 u_ram/mux_31 (from clk_osc)
ROUTE         3     1.286 EBR_R20C21.DO1 to     R22C22B.B1 instruction_12
CTOF_DEL    ---     0.408     R22C22B.B1 to     R22C22B.F1 u_decoder/SLICE_113
ROUTE         4     0.359     R22C22B.F1 to     R22C22C.C0 u_decoder/n4358
CTOF_DEL    ---     0.408     R22C22C.C0 to     R22C22C.F0 SLICE_102
ROUTE         9     1.774     R22C22C.F0 to     R22C25D.B1 n4634
CTOF_DEL    ---     0.408     R22C25D.B1 to     R22C25D.F1 u_decoder/SLICE_107
ROUTE        10     0.827     R22C25D.F1 to     R21C25C.A0 u_decoder/n4261
CTOF_DEL    ---     0.408     R21C25C.A0 to     R21C25C.F0 SLICE_103
ROUTE         1     0.351     R21C25C.F0 to     R21C25C.C1 n4631
CTOF_DEL    ---     0.408     R21C25C.C1 to     R21C25C.F1 SLICE_103
ROUTE         8     1.074     R21C25C.F1 to     R22C26C.A0 u_bus_mux/n3482
CTOOFX_DEL  ---     0.601     R22C26C.A0 to   R22C26C.OFX0 u_bus_mux/sel_1__I_0_Mux_6_i3/SLICE_100
ROUTE         1     0.590   R22C26C.OFX0 to     R22C26D.C0 wire_main_bus_6
CTOF_DEL    ---     0.408     R22C26D.C0 to     R22C26D.F0 SLICE_77
ROUTE         1     0.000     R22C26D.F0 to    R22C26D.DI0 wire_alu_b_6 (to clk_osc)
                  --------
                   13.564   (53.8% logic, 46.2% route), 8 logic levels.

 Clock Skew Details: 

      Source Clock Path u_osc to u_ram/mux_31:

   Name    Fanout   Delay (ns)          Site               Resource
ROUTE        26     3.464        OSC.OSC to *R_R20C21.CLKR clk_osc
                  --------
                    3.464   (0.0% logic, 100.0% route), 0 logic levels.

      Destination Clock Path u_osc to SLICE_77:

   Name    Fanout   Delay (ns)          Site               Resource
ROUTE        26     3.297        OSC.OSC to    R22C26D.CLK clk_osc
                  --------
                    3.297   (0.0% logic, 100.0% route), 0 logic levels.


Passed: The following path meets requirements by 68.873ns

 Logical Details:  Cell type  Pin type       Cell/ASIC name  (clock net +/-)

   Source:         PDPW8KC    Port           u_ram/mux_31(ASIC)  (from clk_osc +)
   Destination:    FF         Data in        u_w/w_out_i0_i6  (to clk_osc +)

   Delay:              13.540ns  (53.9% logic, 46.1% route), 8 logic levels.

 Constraint Details:

     13.540ns physical path delay u_ram/mux_31 to SLICE_77 meets
     82.713ns delay constraint less
      0.167ns skew and
      0.133ns DIN_SET requirement (totaling 82.413ns) by 68.873ns

 Physical Path Details:

      Data path u_ram/mux_31 to SLICE_77:

   Name    Fanout   Delay (ns)          Site               Resource
C2Q_DEL     ---     4.254 *R_R20C21.CLKR to *R_R20C21.DO17 u_ram/mux_31 (from clk_osc)
ROUTE         3     1.262 *R_R20C21.DO17 to     R22C22B.A1 instruction_10
CTOF_DEL    ---     0.408     R22C22B.A1 to     R22C22B.F1 u_decoder/SLICE_113
ROUTE         4     0.359     R22C22B.F1 to     R22C22C.C0 u_decoder/n4358
CTOF_DEL    ---     0.408     R22C22C.C0 to     R22C22C.F0 SLICE_102
ROUTE         9     1.774     R22C22C.F0 to     R22C25D.B1 n4634
CTOF_DEL    ---     0.408     R22C25D.B1 to     R22C25D.F1 u_decoder/SLICE_107
ROUTE        10     0.827     R22C25D.F1 to     R21C25C.A0 u_decoder/n4261
CTOF_DEL    ---     0.408     R21C25C.A0 to     R21C25C.F0 SLICE_103
ROUTE         1     0.351     R21C25C.F0 to     R21C25C.C1 n4631
CTOF_DEL    ---     0.408     R21C25C.C1 to     R21C25C.F1 SLICE_103
ROUTE         8     1.074     R21C25C.F1 to     R22C26C.A0 u_bus_mux/n3482
CTOOFX_DEL  ---     0.601     R22C26C.A0 to   R22C26C.OFX0 u_bus_mux/sel_1__I_0_Mux_6_i3/SLICE_100
ROUTE         1     0.590   R22C26C.OFX0 to     R22C26D.C0 wire_main_bus_6
CTOF_DEL    ---     0.408     R22C26D.C0 to     R22C26D.F0 SLICE_77
ROUTE         1     0.000     R22C26D.F0 to    R22C26D.DI0 wire_alu_b_6 (to clk_osc)
                  --------
                   13.540   (53.9% logic, 46.1% route), 8 logic levels.

 Clock Skew Details: 

      Source Clock Path u_osc to u_ram/mux_31:

   Name    Fanout   Delay (ns)          Site               Resource
ROUTE        26     3.464        OSC.OSC to *R_R20C21.CLKR clk_osc
                  --------
                    3.464   (0.0% logic, 100.0% route), 0 logic levels.

      Destination Clock Path u_osc to SLICE_77:

   Name    Fanout   Delay (ns)          Site               Resource
ROUTE        26     3.297        OSC.OSC to    R22C26D.CLK clk_osc
                  --------
                    3.297   (0.0% logic, 100.0% route), 0 logic levels.


Passed: The following path meets requirements by 68.918ns

 Logical Details:  Cell type  Pin type       Cell/ASIC name  (clock net +/-)

   Source:         PDPW8KC    Port           u_ram/mux_31(ASIC)  (from clk_osc +)
   Destination:    FF         Data in        u_w/w_out_i0_i3  (to clk_osc +)

   Delay:              13.495ns  (54.1% logic, 45.9% route), 8 logic levels.

 Constraint Details:

     13.495ns physical path delay u_ram/mux_31 to SLICE_75 meets
     82.713ns delay constraint less
      0.167ns skew and
      0.133ns DIN_SET requirement (totaling 82.413ns) by 68.918ns

 Physical Path Details:

      Data path u_ram/mux_31 to SLICE_75:

   Name    Fanout   Delay (ns)          Site               Resource
C2Q_DEL     ---     4.254 *R_R20C21.CLKR to EBR_R20C21.DO1 u_ram/mux_31 (from clk_osc)
ROUTE         3     1.286 EBR_R20C21.DO1 to     R22C22B.B1 instruction_12
CTOF_DEL    ---     0.408     R22C22B.B1 to     R22C22B.F1 u_decoder/SLICE_113
ROUTE         4     0.359     R22C22B.F1 to     R22C22C.C0 u_decoder/n4358
CTOF_DEL    ---     0.408     R22C22C.C0 to     R22C22C.F0 SLICE_102
ROUTE         9     1.774     R22C22C.F0 to     R22C25D.B1 n4634
CTOF_DEL    ---     0.408     R22C25D.B1 to     R22C25D.F1 u_decoder/SLICE_107
ROUTE        10     0.827     R22C25D.F1 to     R21C25C.A0 u_decoder/n4261
CTOF_DEL    ---     0.408     R21C25C.A0 to     R21C25C.F0 SLICE_103
ROUTE         1     0.351     R21C25C.F0 to     R21C25C.C1 n4631
CTOF_DEL    ---     0.408     R21C25C.C1 to     R21C25C.F1 SLICE_103
ROUTE         8     0.812     R21C25C.F1 to     R21C24A.B0 u_bus_mux/n3482
CTOOFX_DEL  ---     0.601     R21C24A.B0 to   R21C24A.OFX0 u_bus_mux/sel_1__I_0_Mux_3_i3/SLICE_96
ROUTE         1     0.783   R21C24A.OFX0 to     R21C25A.B1 wire_main_bus_3
CTOF_DEL    ---     0.408     R21C25A.B1 to     R21C25A.F1 SLICE_75
ROUTE         1     0.000     R21C25A.F1 to    R21C25A.DI1 wire_alu_b_3 (to clk_osc)
                  --------
                   13.495   (54.1% logic, 45.9% route), 8 logic levels.

 Clock Skew Details: 

      Source Clock Path u_osc to u_ram/mux_31:

   Name    Fanout   Delay (ns)          Site               Resource
ROUTE        26     3.464        OSC.OSC to *R_R20C21.CLKR clk_osc
                  --------
                    3.464   (0.0% logic, 100.0% route), 0 logic levels.

      Destination Clock Path u_osc to SLICE_75:

   Name    Fanout   Delay (ns)          Site               Resource
ROUTE        26     3.297        OSC.OSC to    R21C25A.CLK clk_osc
                  --------
                    3.297   (0.0% logic, 100.0% route), 0 logic levels.


Passed: The following path meets requirements by 68.934ns

 Logical Details:  Cell type  Pin type       Cell/ASIC name  (clock net +/-)

   Source:         PDPW8KC    Port           u_ram/mux_31(ASIC)  (from clk_osc +)
   Destination:    FF         Data in        u_w/w_out_i0_i7  (to clk_osc +)

   Delay:              13.479ns  (54.2% logic, 45.8% route), 8 logic levels.

 Constraint Details:

     13.479ns physical path delay u_ram/mux_31 to SLICE_77 meets
     82.713ns delay constraint less
      0.167ns skew and
      0.133ns DIN_SET requirement (totaling 82.413ns) by 68.934ns

 Physical Path Details:

      Data path u_ram/mux_31 to SLICE_77:

   Name    Fanout   Delay (ns)          Site               Resource
C2Q_DEL     ---     4.254 *R_R20C21.CLKR to EBR_R20C21.DO2 u_ram/mux_31 (from clk_osc)
ROUTE         3     0.982 EBR_R20C21.DO2 to     R22C22B.D1 instruction_13
CTOF_DEL    ---     0.408     R22C22B.D1 to     R22C22B.F1 u_decoder/SLICE_113
ROUTE         4     0.359     R22C22B.F1 to     R22C22C.C0 u_decoder/n4358
CTOF_DEL    ---     0.408     R22C22C.C0 to     R22C22C.F0 SLICE_102
ROUTE         9     1.774     R22C22C.F0 to     R22C25D.B1 n4634
CTOF_DEL    ---     0.408     R22C25D.B1 to     R22C25D.F1 u_decoder/SLICE_107
ROUTE        10     0.827     R22C25D.F1 to     R21C25C.A0 u_decoder/n4261
CTOF_DEL    ---     0.408     R21C25C.A0 to     R21C25C.F0 SLICE_103
ROUTE         1     0.351     R21C25C.F0 to     R21C25C.C1 n4631
CTOF_DEL    ---     0.408     R21C25C.C1 to     R21C25C.F1 SLICE_103
ROUTE         8     1.098     R21C25C.F1 to     R22C26B.B0 u_bus_mux/n3482
CTOOFX_DEL  ---     0.601     R22C26B.B0 to   R22C26B.OFX0 u_bus_mux/sel_1__I_0_Mux_7_i3/SLICE_99
ROUTE         1     0.785   R22C26B.OFX0 to     R22C26D.B1 wire_main_bus_7
CTOF_DEL    ---     0.408     R22C26D.B1 to     R22C26D.F1 SLICE_77
ROUTE         1     0.000     R22C26D.F1 to    R22C26D.DI1 wire_alu_b_7 (to clk_osc)
                  --------
                   13.479   (54.2% logic, 45.8% route), 8 logic levels.

 Clock Skew Details: 

      Source Clock Path u_osc to u_ram/mux_31:

   Name    Fanout   Delay (ns)          Site               Resource
ROUTE        26     3.464        OSC.OSC to *R_R20C21.CLKR clk_osc
                  --------
                    3.464   (0.0% logic, 100.0% route), 0 logic levels.

      Destination Clock Path u_osc to SLICE_77:

   Name    Fanout   Delay (ns)          Site               Resource
ROUTE        26     3.297        OSC.OSC to    R22C26D.CLK clk_osc
                  --------
                    3.297   (0.0% logic, 100.0% route), 0 logic levels.


Passed: The following path meets requirements by 68.942ns

 Logical Details:  Cell type  Pin type       Cell/ASIC name  (clock net +/-)

   Source:         PDPW8KC    Port           u_ram/mux_31(ASIC)  (from clk_osc +)
   Destination:    FF         Data in        u_w/w_out_i0_i3  (to clk_osc +)

   Delay:              13.471ns  (54.2% logic, 45.8% route), 8 logic levels.

 Constraint Details:

     13.471ns physical path delay u_ram/mux_31 to SLICE_75 meets
     82.713ns delay constraint less
      0.167ns skew and
      0.133ns DIN_SET requirement (totaling 82.413ns) by 68.942ns

 Physical Path Details:

      Data path u_ram/mux_31 to SLICE_75:

   Name    Fanout   Delay (ns)          Site               Resource
C2Q_DEL     ---     4.254 *R_R20C21.CLKR to *R_R20C21.DO17 u_ram/mux_31 (from clk_osc)
ROUTE         3     1.262 *R_R20C21.DO17 to     R22C22B.A1 instruction_10
CTOF_DEL    ---     0.408     R22C22B.A1 to     R22C22B.F1 u_decoder/SLICE_113
ROUTE         4     0.359     R22C22B.F1 to     R22C22C.C0 u_decoder/n4358
CTOF_DEL    ---     0.408     R22C22C.C0 to     R22C22C.F0 SLICE_102
ROUTE         9     1.774     R22C22C.F0 to     R22C25D.B1 n4634
CTOF_DEL    ---     0.408     R22C25D.B1 to     R22C25D.F1 u_decoder/SLICE_107
ROUTE        10     0.827     R22C25D.F1 to     R21C25C.A0 u_decoder/n4261
CTOF_DEL    ---     0.408     R21C25C.A0 to     R21C25C.F0 SLICE_103
ROUTE         1     0.351     R21C25C.F0 to     R21C25C.C1 n4631
CTOF_DEL    ---     0.408     R21C25C.C1 to     R21C25C.F1 SLICE_103
ROUTE         8     0.812     R21C25C.F1 to     R21C24A.B0 u_bus_mux/n3482
CTOOFX_DEL  ---     0.601     R21C24A.B0 to   R21C24A.OFX0 u_bus_mux/sel_1__I_0_Mux_3_i3/SLICE_96
ROUTE         1     0.783   R21C24A.OFX0 to     R21C25A.B1 wire_main_bus_3
CTOF_DEL    ---     0.408     R21C25A.B1 to     R21C25A.F1 SLICE_75
ROUTE         1     0.000     R21C25A.F1 to    R21C25A.DI1 wire_alu_b_3 (to clk_osc)
                  --------
                   13.471   (54.2% logic, 45.8% route), 8 logic levels.

 Clock Skew Details: 

      Source Clock Path u_osc to u_ram/mux_31:

   Name    Fanout   Delay (ns)          Site               Resource
ROUTE        26     3.464        OSC.OSC to *R_R20C21.CLKR clk_osc
                  --------
                    3.464   (0.0% logic, 100.0% route), 0 logic levels.

      Destination Clock Path u_osc to SLICE_75:

   Name    Fanout   Delay (ns)          Site               Resource
ROUTE        26     3.297        OSC.OSC to    R21C25A.CLK clk_osc
                  --------
                    3.297   (0.0% logic, 100.0% route), 0 logic levels.


Passed: The following path meets requirements by 68.942ns

 Logical Details:  Cell type  Pin type       Cell/ASIC name  (clock net +/-)

   Source:         PDPW8KC    Port           u_ram/mux_31(ASIC)  (from clk_osc +)
   Destination:    FF         Data in        u_w/w_out_i0_i7  (to clk_osc +)

   Delay:              13.471ns  (51.2% logic, 48.8% route), 7 logic levels.

 Constraint Details:

     13.471ns physical path delay u_ram/mux_31 to SLICE_77 meets
     82.713ns delay constraint less
      0.167ns skew and
      0.133ns DIN_SET requirement (totaling 82.413ns) by 68.942ns

 Physical Path Details:

      Data path u_ram/mux_31 to SLICE_77:

   Name    Fanout   Delay (ns)          Site               Resource
C2Q_DEL     ---     4.254 *R_R20C21.CLKR to *R_R20C21.DO13 u_ram/mux_31 (from clk_osc)
ROUTE        43     3.156 *R_R20C21.DO13 to     R22C25D.A0 instruction_4
CTOF_DEL    ---     0.408     R22C25D.A0 to     R22C25D.F0 u_decoder/SLICE_107
ROUTE         2     0.359     R22C25D.F0 to     R22C25D.C1 n4636
CTOF_DEL    ---     0.408     R22C25D.C1 to     R22C25D.F1 u_decoder/SLICE_107
ROUTE        10     0.827     R22C25D.F1 to     R21C25C.A0 u_decoder/n4261
CTOF_DEL    ---     0.408     R21C25C.A0 to     R21C25C.F0 SLICE_103
ROUTE         1     0.351     R21C25C.F0 to     R21C25C.C1 n4631
CTOF_DEL    ---     0.408     R21C25C.C1 to     R21C25C.F1 SLICE_103
ROUTE         8     1.098     R21C25C.F1 to     R22C26B.B0 u_bus_mux/n3482
CTOOFX_DEL  ---     0.601     R22C26B.B0 to   R22C26B.OFX0 u_bus_mux/sel_1__I_0_Mux_7_i3/SLICE_99
ROUTE         1     0.785   R22C26B.OFX0 to     R22C26D.B1 wire_main_bus_7
CTOF_DEL    ---     0.408     R22C26D.B1 to     R22C26D.F1 SLICE_77
ROUTE         1     0.000     R22C26D.F1 to    R22C26D.DI1 wire_alu_b_7 (to clk_osc)
                  --------
                   13.471   (51.2% logic, 48.8% route), 7 logic levels.

 Clock Skew Details: 

      Source Clock Path u_osc to u_ram/mux_31:

   Name    Fanout   Delay (ns)          Site               Resource
ROUTE        26     3.464        OSC.OSC to *R_R20C21.CLKR clk_osc
                  --------
                    3.464   (0.0% logic, 100.0% route), 0 logic levels.

      Destination Clock Path u_osc to SLICE_77:

   Name    Fanout   Delay (ns)          Site               Resource
ROUTE        26     3.297        OSC.OSC to    R22C26D.CLK clk_osc
                  --------
                    3.297   (0.0% logic, 100.0% route), 0 logic levels.

Report:   71.008MHz is the maximum frequency for this preference.

Report Summary
--------------
----------------------------------------------------------------------------
Preference                              |   Constraint|       Actual|Levels
----------------------------------------------------------------------------
                                        |             |             |
FREQUENCY NET "clk_osc" 12.090000 MHz ; |   12.090 MHz|   71.008 MHz|   8  
                                        |             |             |
----------------------------------------------------------------------------


All preferences were met.


Clock Domains Analysis
------------------------

Found 2 clocks:

Clock Domain: clk_osc   Source: u_osc.OSC   Loads: 26
   Covered under: FREQUENCY NET "clk_osc" 12.090000 MHz ;

   Data transfers from:
   Clock Domain: clk_cpu   Source: SLICE_64.Q0
      Covered under: FREQUENCY NET "clk_osc" 12.090000 MHz ;   Transfers: 64

Clock Domain: clk_cpu   Source: SLICE_64.Q0   Loads: 37
   No transfer within this clock domain is found


Timing summary (Setup):
---------------

Timing errors: 0  Score: 0
Cumulative negative slack: 0

Constraints cover 1890 paths, 1 nets, and 1173 connections (99.91% coverage)

--------------------------------------------------------------------------------
Lattice TRACE Report - Hold, Version Diamond (64-bit) 3.14.0.75.2
Sun Oct 04 21:28:24 2026

Copyright (c) 1991-1994 by NeoCAD Inc. All rights reserved.
Copyright (c) 1995 AT&T Corp.   All rights reserved.
Copyright (c) 1995-2001 Lucent Technologies Inc.  All rights reserved.
Copyright (c) 2001 Agere Systems   All rights reserved.
Copyright (c) 2002-2024 Lattice Semiconductor Corporation,  All rights reserved.

Report Information
------------------
Command line:    trce -v 10 -gt -sethld -sp 6 -sphld m -o BIT_PROCESSOR_impl_1.twr -gui -msgset D:/ADELSOFT/LATTICE/projects/bit_processor/promote.xml BIT_PROCESSOR_impl_1.ncd BIT_PROCESSOR_impl_1.prf 
Design file:     bit_processor_impl_1.ncd
Preference file: bit_processor_impl_1.prf
Device,speed:    LCMXO3L-6900C,m
Report level:    verbose report, limited to 10 items per preference
--------------------------------------------------------------------------------

BLOCK ASYNCPATHS
BLOCK RESETPATHS
--------------------------------------------------------------------------------



================================================================================
Preference: FREQUENCY NET "clk_osc" 12.090000 MHz ;
            1826 items scored, 0 timing errors detected.
--------------------------------------------------------------------------------


Passed: The following path meets requirements by 0.182ns

 Logical Details:  Cell type  Pin type       Cell/ASIC name  (clock net +/-)

   Source:         FF         Q              u_pc/counter__i6  (from clk_osc +)
   Destination:    PDPW8KC    Port           u_ram/mux_31(ASIC)  (to clk_osc +)

   Delay:               0.326ns  (40.8% logic, 59.2% route), 1 logic levels.

 Constraint Details:

      0.326ns physical path delay u_pc/SLICE_72 to u_ram/mux_31 meets
      0.072ns ADDR_HLD and
      0.000ns delay constraint less
     -0.072ns skew requirement (totaling 0.144ns) by 0.182ns

 Physical Path Details:

      Data path u_pc/SLICE_72 to u_ram/mux_31:

   Name    Fanout   Delay (ns)          Site               Resource
REG_DEL     ---     0.133    R21C22C.CLK to     R21C22C.Q0 u_pc/SLICE_72 (from clk_osc)
ROUTE         2     0.193     R21C22C.Q0 to *_R20C21.ADR10 pc_counter_6 (to clk_osc)
                  --------
                    0.326   (40.8% logic, 59.2% route), 1 logic levels.

 Clock Skew Details: 

      Source Clock Path u_osc to u_pc/SLICE_72:

   Name    Fanout   Delay (ns)          Site               Resource
ROUTE        26     1.425        OSC.OSC to    R21C22C.CLK clk_osc
                  --------
                    1.425   (0.0% logic, 100.0% route), 0 logic levels.

      Destination Clock Path u_osc to u_ram/mux_31:

   Name    Fanout   Delay (ns)          Site               Resource
ROUTE        26     1.497        OSC.OSC to *R_R20C21.CLKR clk_osc
                  --------
                    1.497   (0.0% logic, 100.0% route), 0 logic levels.


Passed: The following path meets requirements by 0.199ns

 Logical Details:  Cell type  Pin type       Cell/ASIC name  (clock net +/-)

   Source:         FF         Q              u_pc/counter__i0  (from clk_osc +)
   Destination:    PDPW8KC    Port           u_ram/mux_31(ASIC)  (to clk_osc +)

   Delay:               0.343ns  (38.8% logic, 61.2% route), 1 logic levels.

 Constraint Details:

      0.343ns physical path delay u_pc/SLICE_69 to u_ram/mux_31 meets
      0.072ns ADDR_HLD and
      0.000ns delay constraint less
     -0.072ns skew requirement (totaling 0.144ns) by 0.199ns

 Physical Path Details:

      Data path u_pc/SLICE_69 to u_ram/mux_31:

   Name    Fanout   Delay (ns)          Site               Resource
REG_DEL     ---     0.133    R21C23D.CLK to     R21C23D.Q0 u_pc/SLICE_69 (from clk_osc)
ROUTE         2     0.210     R21C23D.Q0 to *R_R20C21.ADR4 pc_counter_0 (to clk_osc)
                  --------
                    0.343   (38.8% logic, 61.2% route), 1 logic levels.

 Clock Skew Details: 

      Source Clock Path u_osc to u_pc/SLICE_69:

   Name    Fanout   Delay (ns)          Site               Resource
ROUTE        26     1.425        OSC.OSC to    R21C23D.CLK clk_osc
                  --------
                    1.425   (0.0% logic, 100.0% route), 0 logic levels.

      Destination Clock Path u_osc to u_ram/mux_31:

   Name    Fanout   Delay (ns)          Site               Resource
ROUTE        26     1.497        OSC.OSC to *R_R20C21.CLKR clk_osc
                  --------
                    1.497   (0.0% logic, 100.0% route), 0 logic levels.


Passed: The following path meets requirements by 0.199ns

 Logical Details:  Cell type  Pin type       Cell/ASIC name  (clock net +/-)

   Source:         FF         Q              u_pc/counter__i1  (from clk_osc +)
   Destination:    PDPW8KC    Port           u_ram/mux_31(ASIC)  (to clk_osc +)

   Delay:               0.343ns  (38.8% logic, 61.2% route), 1 logic levels.

 Constraint Details:

      0.343ns physical path delay u_pc/SLICE_69 to u_ram/mux_31 meets
      0.072ns ADDR_HLD and
      0.000ns delay constraint less
     -0.072ns skew requirement (totaling 0.144ns) by 0.199ns

 Physical Path Details:

      Data path u_pc/SLICE_69 to u_ram/mux_31:

   Name    Fanout   Delay (ns)          Site               Resource
REG_DEL     ---     0.133    R21C23D.CLK to     R21C23D.Q1 u_pc/SLICE_69 (from clk_osc)
ROUTE         2     0.210     R21C23D.Q1 to *R_R20C21.ADR5 pc_counter_1 (to clk_osc)
                  --------
                    0.343   (38.8% logic, 61.2% route), 1 logic levels.

 Clock Skew Details: 

      Source Clock Path u_osc to u_pc/SLICE_69:

   Name    Fanout   Delay (ns)          Site               Resource
ROUTE        26     1.425        OSC.OSC to    R21C23D.CLK clk_osc
                  --------
                    1.425   (0.0% logic, 100.0% route), 0 logic levels.

      Destination Clock Path u_osc to u_ram/mux_31:

   Name    Fanout   Delay (ns)          Site               Resource
ROUTE        26     1.497        OSC.OSC to *R_R20C21.CLKR clk_osc
                  --------
                    1.497   (0.0% logic, 100.0% route), 0 logic levels.


Passed: The following path meets requirements by 0.306ns

 Logical Details:  Cell type  Pin type       Cell/ASIC name  (clock net +/-)

   Source:         FF         Q              u_w/w_out_i0_i4  (from clk_osc +)
   Destination:    FF         Data in        u_fsr/w_out_i0_i4  (to clk_osc +)

   Delay:               0.287ns  (46.3% logic, 53.7% route), 1 logic levels.

 Constraint Details:

      0.287ns physical path delay SLICE_76 to SLICE_67 meets
     -0.019ns M_HLD and
      0.000ns delay constraint less
      0.000ns skew requirement (totaling -0.019ns) by 0.306ns

 Physical Path Details:

      Data path SLICE_76 to SLICE_67:

   Name    Fanout   Delay (ns)          Site               Resource
REG_DEL     ---     0.133    R21C26C.CLK to     R21C26C.Q0 SLICE_76 (from clk_osc)
ROUTE        10     0.154     R21C26C.Q0 to     R21C26B.M0 w_out_4 (to clk_osc)
                  --------
                    0.287   (46.3% logic, 53.7% route), 1 logic levels.

 Clock Skew Details: 

      Source Clock Path u_osc to SLICE_76:

   Name    Fanout   Delay (ns)          Site               Resource
ROUTE        26     1.425        OSC.OSC to    R21C26C.CLK clk_osc
                  --------
                    1.425   (0.0% logic, 100.0% route), 0 logic levels.

      Destination Clock Path u_osc to SLICE_67:

   Name    Fanout   Delay (ns)          Site               Resource
ROUTE        26     1.425        OSC.OSC to    R21C26B.CLK clk_osc
                  --------
                    1.425   (0.0% logic, 100.0% route), 0 logic levels.


Passed: The following path meets requirements by 0.306ns

 Logical Details:  Cell type  Pin type       Cell/ASIC name  (clock net +/-)

   Source:         FF         Q              u_w/w_out_i0_i5  (from clk_osc +)
   Destination:    FF         Data in        u_fsr/w_out_i0_i5  (to clk_osc +)

   Delay:               0.287ns  (46.3% logic, 53.7% route), 1 logic levels.

 Constraint Details:

      0.287ns physical path delay SLICE_76 to SLICE_67 meets
     -0.019ns M_HLD and
      0.000ns delay constraint less
      0.000ns skew requirement (totaling -0.019ns) by 0.306ns

 Physical Path Details:

      Data path SLICE_76 to SLICE_67:

   Name    Fanout   Delay (ns)          Site               Resource
REG_DEL     ---     0.133    R21C26C.CLK to     R21C26C.Q1 SLICE_76 (from clk_osc)
ROUTE        10     0.154     R21C26C.Q1 to     R21C26B.M1 w_out_5 (to clk_osc)
                  --------
                    0.287   (46.3% logic, 53.7% route), 1 logic levels.

 Clock Skew Details: 

      Source Clock Path u_osc to SLICE_76:

   Name    Fanout   Delay (ns)          Site               Resource
ROUTE        26     1.425        OSC.OSC to    R21C26C.CLK clk_osc
                  --------
                    1.425   (0.0% logic, 100.0% route), 0 logic levels.

      Destination Clock Path u_osc to SLICE_67:

   Name    Fanout   Delay (ns)          Site               Resource
ROUTE        26     1.425        OSC.OSC to    R21C26B.CLK clk_osc
                  --------
                    1.425   (0.0% logic, 100.0% route), 0 logic levels.


Passed: The following path meets requirements by 0.310ns

 Logical Details:  Cell type  Pin type       Cell/ASIC name  (clock net +/-)

   Source:         FF         Q              u_pc/counter__i7  (from clk_osc +)
   Destination:    PDPW8KC    Port           u_ram/mux_31(ASIC)  (to clk_osc +)

   Delay:               0.454ns  (29.3% logic, 70.7% route), 1 logic levels.

 Constraint Details:

      0.454ns physical path delay u_pc/SLICE_72 to u_ram/mux_31 meets
      0.072ns ADDR_HLD and
      0.000ns delay constraint less
     -0.072ns skew requirement (totaling 0.144ns) by 0.310ns

 Physical Path Details:

      Data path u_pc/SLICE_72 to u_ram/mux_31:

   Name    Fanout   Delay (ns)          Site               Resource
REG_DEL     ---     0.133    R21C22C.CLK to     R21C22C.Q1 u_pc/SLICE_72 (from clk_osc)
ROUTE         2     0.321     R21C22C.Q1 to *_R20C21.ADR11 pc_counter_7 (to clk_osc)
                  --------
                    0.454   (29.3% logic, 70.7% route), 1 logic levels.

 Clock Skew Details: 

      Source Clock Path u_osc to u_pc/SLICE_72:

   Name    Fanout   Delay (ns)          Site               Resource
ROUTE        26     1.425        OSC.OSC to    R21C22C.CLK clk_osc
                  --------
                    1.425   (0.0% logic, 100.0% route), 0 logic levels.

      Destination Clock Path u_osc to u_ram/mux_31:

   Name    Fanout   Delay (ns)          Site               Resource
ROUTE        26     1.497        OSC.OSC to *R_R20C21.CLKR clk_osc
                  --------
                    1.497   (0.0% logic, 100.0% route), 0 logic levels.


Passed: The following path meets requirements by 0.314ns

 Logical Details:  Cell type  Pin type       Cell/ASIC name  (clock net +/-)

   Source:         FF         Q              u_w/w_out_i0_i6  (from clk_osc +)
   Destination:    FF         Data in        u_fsr/w_out_i0_i6  (to clk_osc +)

   Delay:               0.295ns  (45.1% logic, 54.9% route), 1 logic levels.

 Constraint Details:

      0.295ns physical path delay SLICE_77 to SLICE_68 meets
     -0.019ns M_HLD and
      0.000ns delay constraint less
      0.000ns skew requirement (totaling -0.019ns) by 0.314ns

 Physical Path Details:

      Data path SLICE_77 to SLICE_68:

   Name    Fanout   Delay (ns)          Site               Resource
REG_DEL     ---     0.133    R22C26D.CLK to     R22C26D.Q0 SLICE_77 (from clk_osc)
ROUTE        10     0.162     R22C26D.Q0 to     R22C27D.M0 w_out_6 (to clk_osc)
                  --------
                    0.295   (45.1% logic, 54.9% route), 1 logic levels.

 Clock Skew Details: 

      Source Clock Path u_osc to SLICE_77:

   Name    Fanout   Delay (ns)          Site               Resource
ROUTE        26     1.425        OSC.OSC to    R22C26D.CLK clk_osc
                  --------
                    1.425   (0.0% logic, 100.0% route), 0 logic levels.

      Destination Clock Path u_osc to SLICE_68:

   Name    Fanout   Delay (ns)          Site               Resource
ROUTE        26     1.425        OSC.OSC to    R22C27D.CLK clk_osc
                  --------
                    1.425   (0.0% logic, 100.0% route), 0 logic levels.


Passed: The following path meets requirements by 0.379ns

 Logical Details:  Cell type  Pin type       Cell/ASIC name  (clock net +/-)

   Source:         FF         Q              u_clk_div/cnt_69__i15  (from clk_osc +)
   Destination:    FF         Data in        u_clk_div/cnt_69__i15  (to clk_osc +)

   Delay:               0.366ns  (63.9% logic, 36.1% route), 2 logic levels.

 Constraint Details:

      0.366ns physical path delay u_clk_div/SLICE_4 to u_clk_div/SLICE_4 meets
     -0.013ns DIN_HLD and
      0.000ns delay constraint less
      0.000ns skew requirement (totaling -0.013ns) by 0.379ns

 Physical Path Details:

      Data path u_clk_div/SLICE_4 to u_clk_div/SLICE_4:

   Name    Fanout   Delay (ns)          Site               Resource
REG_DEL     ---     0.133    R22C18A.CLK to     R22C18A.Q0 u_clk_div/SLICE_4 (from clk_osc)
ROUTE         2     0.132     R22C18A.Q0 to     R22C18A.A0 u_clk_div/cnt_15
CTOF_DEL    ---     0.101     R22C18A.A0 to     R22C18A.F0 u_clk_div/SLICE_4
ROUTE         1     0.000     R22C18A.F0 to    R22C18A.DI0 u_clk_div/n95 (to clk_osc)
                  --------
                    0.366   (63.9% logic, 36.1% route), 2 logic levels.

 Clock Skew Details: 

      Source Clock Path u_osc to u_clk_div/SLICE_4:

   Name    Fanout   Delay (ns)          Site               Resource
ROUTE        26     1.425        OSC.OSC to    R22C18A.CLK clk_osc
                  --------
                    1.425   (0.0% logic, 100.0% route), 0 logic levels.

      Destination Clock Path u_osc to u_clk_div/SLICE_4:

   Name    Fanout   Delay (ns)          Site               Resource
ROUTE        26     1.425        OSC.OSC to    R22C18A.CLK clk_osc
                  --------
                    1.425   (0.0% logic, 100.0% route), 0 logic levels.


Passed: The following path meets requirements by 0.379ns

 Logical Details:  Cell type  Pin type       Cell/ASIC name  (clock net +/-)

   Source:         FF         Q              u_clk_div/cnt_69__i5  (from clk_osc +)
   Destination:    FF         Data in        u_clk_div/cnt_69__i5  (to clk_osc +)

   Delay:               0.366ns  (63.9% logic, 36.1% route), 2 logic levels.

 Constraint Details:

      0.366ns physical path delay u_clk_div/SLICE_5 to u_clk_div/SLICE_5 meets
     -0.013ns DIN_HLD and
      0.000ns delay constraint less
      0.000ns skew requirement (totaling -0.013ns) by 0.379ns

 Physical Path Details:

      Data path u_clk_div/SLICE_5 to u_clk_div/SLICE_5:

   Name    Fanout   Delay (ns)          Site               Resource
REG_DEL     ---     0.133    R22C16D.CLK to     R22C16D.Q0 u_clk_div/SLICE_5 (from clk_osc)
ROUTE         2     0.132     R22C16D.Q0 to     R22C16D.A0 u_clk_div/cnt_5
CTOF_DEL    ---     0.101     R22C16D.A0 to     R22C16D.F0 u_clk_div/SLICE_5
ROUTE         1     0.000     R22C16D.F0 to    R22C16D.DI0 u_clk_div/n105 (to clk_osc)
                  --------
                    0.366   (63.9% logic, 36.1% route), 2 logic levels.

 Clock Skew Details: 

      Source Clock Path u_osc to u_clk_div/SLICE_5:

   Name    Fanout   Delay (ns)          Site               Resource
ROUTE        26     1.425        OSC.OSC to    R22C16D.CLK clk_osc
                  --------
                    1.425   (0.0% logic, 100.0% route), 0 logic levels.

      Destination Clock Path u_osc to u_clk_div/SLICE_5:

   Name    Fanout   Delay (ns)          Site               Resource
ROUTE        26     1.425        OSC.OSC to    R22C16D.CLK clk_osc
                  --------
                    1.425   (0.0% logic, 100.0% route), 0 logic levels.


Passed: The following path meets requirements by 0.379ns

 Logical Details:  Cell type  Pin type       Cell/ASIC name  (clock net +/-)

   Source:         FF         Q              u_clk_div/cnt_69__i12  (from clk_osc +)
   Destination:    FF         Data in        u_clk_div/cnt_69__i12  (to clk_osc +)

   Delay:               0.366ns  (63.9% logic, 36.1% route), 2 logic levels.

 Constraint Details:

      0.366ns physical path delay u_clk_div/SLICE_10 to u_clk_div/SLICE_10 meets
     -0.013ns DIN_HLD and
      0.000ns delay constraint less
      0.000ns skew requirement (totaling -0.013ns) by 0.379ns

 Physical Path Details:

      Data path u_clk_div/SLICE_10 to u_clk_div/SLICE_10:

   Name    Fanout   Delay (ns)          Site               Resource
REG_DEL     ---     0.133    R22C17C.CLK to     R22C17C.Q1 u_clk_div/SLICE_10 (from clk_osc)
ROUTE         2     0.132     R22C17C.Q1 to     R22C17C.A1 u_clk_div/cnt_12
CTOF_DEL    ---     0.101     R22C17C.A1 to     R22C17C.F1 u_clk_div/SLICE_10
ROUTE         1     0.000     R22C17C.F1 to    R22C17C.DI1 u_clk_div/n98 (to clk_osc)
                  --------
                    0.366   (63.9% logic, 36.1% route), 2 logic levels.

 Clock Skew Details: 

      Source Clock Path u_osc to u_clk_div/SLICE_10:

   Name    Fanout   Delay (ns)          Site               Resource
ROUTE        26     1.425        OSC.OSC to    R22C17C.CLK clk_osc
                  --------
                    1.425   (0.0% logic, 100.0% route), 0 logic levels.

      Destination Clock Path u_osc to u_clk_div/SLICE_10:

   Name    Fanout   Delay (ns)          Site               Resource
ROUTE        26     1.425        OSC.OSC to    R22C17C.CLK clk_osc
                  --------
                    1.425   (0.0% logic, 100.0% route), 0 logic levels.

Report Summary
--------------
----------------------------------------------------------------------------
Preference(MIN Delays)                  |   Constraint|       Actual|Levels
----------------------------------------------------------------------------
                                        |             |             |
FREQUENCY NET "clk_osc" 12.090000 MHz ; |     0.000 ns|     0.182 ns|   1  
                                        |             |             |
----------------------------------------------------------------------------


All preferences were met.


Clock Domains Analysis
------------------------

Found 2 clocks:

Clock Domain: clk_osc   Source: u_osc.OSC   Loads: 26
   Covered under: FREQUENCY NET "clk_osc" 12.090000 MHz ;

   Data transfers from:
   Clock Domain: clk_cpu   Source: SLICE_64.Q0
      Covered under: FREQUENCY NET "clk_osc" 12.090000 MHz ;   Transfers: 64

Clock Domain: clk_cpu   Source: SLICE_64.Q0   Loads: 37
   No transfer within this clock domain is found


Timing summary (Hold):
---------------

Timing errors: 0  Score: 0
Cumulative negative slack: 0

Constraints cover 1890 paths, 1 nets, and 1173 connections (99.91% coverage)



Timing summary (Setup and Hold):
---------------

Timing errors: 0 (setup), 0 (hold)
Score: 0 (setup), 0 (hold)
Cumulative negative slack: 0 (0+0)
--------------------------------------------------------------------------------

--------------------------------------------------------------------------------

