--------------------------------------------------------------------------------
Lattice Synthesis Timing Report, Version  
Sat Oct 03 16:04:52 2026

Copyright (c) 1991-1994 by NeoCAD Inc. All rights reserved.
Copyright (c) 1995 AT&T Corp.   All rights reserved.
Copyright (c) 1995-2001 Lucent Technologies Inc.  All rights reserved.
Copyright (c) 2001 Agere Systems   All rights reserved.
Copyright (c) 2002-2024 Lattice Semiconductor Corporation,  All rights reserved.

Report Information
------------------
Design:     top
Constraint file:  
Report level:    verbose report, limited to 3 items per constraint
--------------------------------------------------------------------------------



================================================================================
Constraint: create_clock -period 5.000000 -name clk0 [get_nets clk]
            1596 items scored, 1214 timing errors detected.
--------------------------------------------------------------------------------


Error:  The following path violates requirements by 4.173ns

 Logical Details:  Cell type  Pin type       Cell name  (clock net +/-)

   Source:         FD1S3IX    CK             \u_div/cnt_50__i1  (from clk +)
   Destination:    FD1P3IX    CD             \u_mem/dato__i2  (to clk +)

   Delay:                   9.027ns  (29.3% logic, 70.7% route), 6 logic levels.

 Constraint Details:

      9.027ns data_path \u_div/cnt_50__i1 to \u_mem/dato__i2 violates
      5.000ns delay constraint less
      0.146ns L_S requirement (totaling 4.854ns) by 4.173ns

 Path Details: \u_div/cnt_50__i1 to \u_mem/dato__i2

   Name    Fanout   Delay (ns)          Pins               Resource(Cell.Net)
L_CO        ---     0.403             CK to Q              \u_div/cnt_50__i1 (from clk)
Route         2   e 1.002                                  \u_div/cnt[1]
LUT4        ---     0.448              C to Z              \u_div/i529_4_lut
Route         1   e 0.788                                  \u_div/n1005
LUT4        ---     0.448              B to Z              \u_div/i537_4_lut
Route         1   e 0.788                                  \u_div/n1013
LUT4        ---     0.448              D to Z              \u_div/i559_4_lut
Route         3   e 1.051                                  \u_div/n1035
LUT4        ---     0.448              A to Z              \u_div/i560_3_lut_rep_7
Route        25   e 1.537                                  n1061
LUT4        ---     0.448              B to Z              i119_2_lut_3_lut
Route         6   e 1.218                                  n579
                  --------
                    9.027  (29.3% logic, 70.7% route), 6 logic levels.


Error:  The following path violates requirements by 4.173ns

 Logical Details:  Cell type  Pin type       Cell name  (clock net +/-)

   Source:         FD1S3IX    CK             \u_div/cnt_50__i1  (from clk +)
   Destination:    FD1P3IX    CD             \u_mem/dato__i4  (to clk +)

   Delay:                   9.027ns  (29.3% logic, 70.7% route), 6 logic levels.

 Constraint Details:

      9.027ns data_path \u_div/cnt_50__i1 to \u_mem/dato__i4 violates
      5.000ns delay constraint less
      0.146ns L_S requirement (totaling 4.854ns) by 4.173ns

 Path Details: \u_div/cnt_50__i1 to \u_mem/dato__i4

   Name    Fanout   Delay (ns)          Pins               Resource(Cell.Net)
L_CO        ---     0.403             CK to Q              \u_div/cnt_50__i1 (from clk)
Route         2   e 1.002                                  \u_div/cnt[1]
LUT4        ---     0.448              C to Z              \u_div/i529_4_lut
Route         1   e 0.788                                  \u_div/n1005
LUT4        ---     0.448              B to Z              \u_div/i537_4_lut
Route         1   e 0.788                                  \u_div/n1013
LUT4        ---     0.448              D to Z              \u_div/i559_4_lut
Route         3   e 1.051                                  \u_div/n1035
LUT4        ---     0.448              A to Z              \u_div/i560_3_lut_rep_7
Route        25   e 1.537                                  n1061
LUT4        ---     0.448              B to Z              i119_2_lut_3_lut
Route         6   e 1.218                                  n579
                  --------
                    9.027  (29.3% logic, 70.7% route), 6 logic levels.


Error:  The following path violates requirements by 4.173ns

 Logical Details:  Cell type  Pin type       Cell name  (clock net +/-)

   Source:         FD1S3IX    CK             \u_div/cnt_50__i1  (from clk +)
   Destination:    FD1P3IX    CD             \u_mem/dato__i6  (to clk +)

   Delay:                   9.027ns  (29.3% logic, 70.7% route), 6 logic levels.

 Constraint Details:

      9.027ns data_path \u_div/cnt_50__i1 to \u_mem/dato__i6 violates
      5.000ns delay constraint less
      0.146ns L_S requirement (totaling 4.854ns) by 4.173ns

 Path Details: \u_div/cnt_50__i1 to \u_mem/dato__i6

   Name    Fanout   Delay (ns)          Pins               Resource(Cell.Net)
L_CO        ---     0.403             CK to Q              \u_div/cnt_50__i1 (from clk)
Route         2   e 1.002                                  \u_div/cnt[1]
LUT4        ---     0.448              C to Z              \u_div/i529_4_lut
Route         1   e 0.788                                  \u_div/n1005
LUT4        ---     0.448              B to Z              \u_div/i537_4_lut
Route         1   e 0.788                                  \u_div/n1013
LUT4        ---     0.448              D to Z              \u_div/i559_4_lut
Route         3   e 1.051                                  \u_div/n1035
LUT4        ---     0.448              A to Z              \u_div/i560_3_lut_rep_7
Route        25   e 1.537                                  n1061
LUT4        ---     0.448              B to Z              i119_2_lut_3_lut
Route         6   e 1.218                                  n579
                  --------
                    9.027  (29.3% logic, 70.7% route), 6 logic levels.

Warning: 9.173 ns is the maximum delay for this constraint.


Timing Report Summary
--------------
--------------------------------------------------------------------------------
Constraint                              |   Constraint|       Actual|Levels
--------------------------------------------------------------------------------
                                        |             |             |
create_clock -period 5.000000 -name     |             |             |
clk0 [get_nets clk]                     |     5.000 ns|     9.173 ns|     6 *
                                        |             |             |
--------------------------------------------------------------------------------


1 constraints not met.

--------------------------------------------------------------------------------
Critical Nets                           |   Loads|  Errors| % of total
--------------------------------------------------------------------------------
n1061                                   |      25|     836|     68.86%
                                        |        |        |
\u_div/n1035                            |       3|     769|     63.34%
                                        |        |        |
\u_div/n1013                            |       1|     385|     31.71%
                                        |        |        |
clk_enable_16                           |      16|     352|     29.00%
                                        |        |        |
\u_div/n13                              |       1|     220|     18.12%
                                        |        |        |
\u_div/n1005                            |       1|     220|     18.12%
                                        |        |        |
\u_div/n1009                            |       3|     216|     17.79%
                                        |        |        |
\u_div/n1011                            |       3|     216|     17.79%
                                        |        |        |
n579                                    |       6|     132|     10.87%
                                        |        |        |
--------------------------------------------------------------------------------


Timing summary:
---------------

Timing errors: 1214  Score: 1800245

Constraints cover  1596 paths, 107 nets, and 277 connections (94.2% coverage)


Peak memory: 64753664 bytes, TRCE: 1843200 bytes, DLYMAN: 0 bytes
CPU_TIME_REPORT: 0 secs 
