--------------------------------------------------------------------------------
Lattice Synthesis Timing Report, Version  
Sat Oct 03 23:06:39 2026

Copyright (c) 1991-1994 by NeoCAD Inc. All rights reserved.
Copyright (c) 1995 AT&T Corp.   All rights reserved.
Copyright (c) 1995-2001 Lucent Technologies Inc.  All rights reserved.
Copyright (c) 2001 Agere Systems   All rights reserved.
Copyright (c) 2002-2024 Lattice Semiconductor Corporation,  All rights reserved.

Report Information
------------------
Design:     top
Constraint file:  
Report level:    verbose report, limited to 3 items per constraint
--------------------------------------------------------------------------------



================================================================================
Constraint: create_clock -period 5.000000 -name clk0 [get_nets clk]
            1584 items scored, 1014 timing errors detected.
--------------------------------------------------------------------------------


Error:  The following path violates requirements by 4.981ns

 Logical Details:  Cell type  Pin type       Cell name  (clock net +/-)

   Source:         FD1S3IX    CK             \u_div/cnt_59__i8  (from clk +)
   Destination:    FD1P3AX    SP             \w/w_out_i0_i6  (to clk +)

   Delay:                   9.722ns  (27.2% logic, 72.8% route), 6 logic levels.

 Constraint Details:

      9.722ns data_path \u_div/cnt_59__i8 to \w/w_out_i0_i6 violates
      5.000ns delay constraint less
      0.259ns LCE_S requirement (totaling 4.741ns) by 4.981ns

 Path Details: \u_div/cnt_59__i8 to \w/w_out_i0_i6

   Name    Fanout   Delay (ns)          Pins               Resource(Cell.Net)
L_CO        ---     0.403             CK to Q              \u_div/cnt_59__i8 (from clk)
Route         2   e 1.002                                  \u_div/cnt[8]
LUT4        ---     0.448              B to Z              \u_div/i6_4_lut
Route         1   e 0.788                                  \u_div/n16
LUT4        ---     0.448              D to Z              \u_div/i1_4_lut
Route         1   e 0.788                                  \u_div/n12
LUT4        ---     0.448              D to Z              \u_div/i557_4_lut
Route        27   e 1.695                                  n645
LUT4        ---     0.448              B to Z              i568_2_lut_rep_4
Route        17   e 1.519                                  clk_enable_24
LUT4        ---     0.448              D to Z              \u_decoder/i3_4_lut
Route         8   e 1.287                                  clk_enable_20
                  --------
                    9.722  (27.2% logic, 72.8% route), 6 logic levels.


Error:  The following path violates requirements by 4.981ns

 Logical Details:  Cell type  Pin type       Cell name  (clock net +/-)

   Source:         FD1S3IX    CK             \u_div/cnt_59__i8  (from clk +)
   Destination:    FD1P3AX    SP             \w/w_out_i0_i5  (to clk +)

   Delay:                   9.722ns  (27.2% logic, 72.8% route), 6 logic levels.

 Constraint Details:

      9.722ns data_path \u_div/cnt_59__i8 to \w/w_out_i0_i5 violates
      5.000ns delay constraint less
      0.259ns LCE_S requirement (totaling 4.741ns) by 4.981ns

 Path Details: \u_div/cnt_59__i8 to \w/w_out_i0_i5

   Name    Fanout   Delay (ns)          Pins               Resource(Cell.Net)
L_CO        ---     0.403             CK to Q              \u_div/cnt_59__i8 (from clk)
Route         2   e 1.002                                  \u_div/cnt[8]
LUT4        ---     0.448              B to Z              \u_div/i6_4_lut
Route         1   e 0.788                                  \u_div/n16
LUT4        ---     0.448              D to Z              \u_div/i1_4_lut
Route         1   e 0.788                                  \u_div/n12
LUT4        ---     0.448              D to Z              \u_div/i557_4_lut
Route        27   e 1.695                                  n645
LUT4        ---     0.448              B to Z              i568_2_lut_rep_4
Route        17   e 1.519                                  clk_enable_24
LUT4        ---     0.448              D to Z              \u_decoder/i3_4_lut
Route         8   e 1.287                                  clk_enable_20
                  --------
                    9.722  (27.2% logic, 72.8% route), 6 logic levels.


Error:  The following path violates requirements by 4.981ns

 Logical Details:  Cell type  Pin type       Cell name  (clock net +/-)

   Source:         FD1S3IX    CK             \u_div/cnt_59__i8  (from clk +)
   Destination:    FD1P3AX    SP             \w/w_out_i0_i4  (to clk +)

   Delay:                   9.722ns  (27.2% logic, 72.8% route), 6 logic levels.

 Constraint Details:

      9.722ns data_path \u_div/cnt_59__i8 to \w/w_out_i0_i4 violates
      5.000ns delay constraint less
      0.259ns LCE_S requirement (totaling 4.741ns) by 4.981ns

 Path Details: \u_div/cnt_59__i8 to \w/w_out_i0_i4

   Name    Fanout   Delay (ns)          Pins               Resource(Cell.Net)
L_CO        ---     0.403             CK to Q              \u_div/cnt_59__i8 (from clk)
Route         2   e 1.002                                  \u_div/cnt[8]
LUT4        ---     0.448              B to Z              \u_div/i6_4_lut
Route         1   e 0.788                                  \u_div/n16
LUT4        ---     0.448              D to Z              \u_div/i1_4_lut
Route         1   e 0.788                                  \u_div/n12
LUT4        ---     0.448              D to Z              \u_div/i557_4_lut
Route        27   e 1.695                                  n645
LUT4        ---     0.448              B to Z              i568_2_lut_rep_4
Route        17   e 1.519                                  clk_enable_24
LUT4        ---     0.448              D to Z              \u_decoder/i3_4_lut
Route         8   e 1.287                                  clk_enable_20
                  --------
                    9.722  (27.2% logic, 72.8% route), 6 logic levels.

Warning: 9.981 ns is the maximum delay for this constraint.


Timing Report Summary
--------------
--------------------------------------------------------------------------------
Constraint                              |   Constraint|       Actual|Levels
--------------------------------------------------------------------------------
                                        |             |             |
create_clock -period 5.000000 -name     |             |             |
clk0 [get_nets clk]                     |     5.000 ns|     9.981 ns|     6 *
                                        |             |             |
--------------------------------------------------------------------------------


1 constraints not met.

--------------------------------------------------------------------------------
Critical Nets                           |   Loads|  Errors| % of total
--------------------------------------------------------------------------------
n645                                    |      27|     997|     98.32%
                                        |        |        |
\u_div/n12                              |       1|     640|     63.12%
                                        |        |        |
clk_enable_24                           |      17|     488|     48.13%
                                        |        |        |
\u_div/n16                              |       1|     240|     23.67%
                                        |        |        |
\u_div/n17                              |       1|     240|     23.67%
                                        |        |        |
clk_enable_20                           |       8|     168|     16.57%
                                        |        |        |
\u_div/n1066                            |       1|     160|     15.78%
                                        |        |        |
\u_div/n1068                            |       1|     160|     15.78%
                                        |        |        |
\u_div/n15                              |       1|     120|     11.83%
                                        |        |        |
--------------------------------------------------------------------------------


Timing summary:
---------------

Timing errors: 1014  Score: 2392992

Constraints cover  1584 paths, 108 nets, and 294 connections (94.5% coverage)


Peak memory: 64835584 bytes, TRCE: 1044480 bytes, DLYMAN: 0 bytes
CPU_TIME_REPORT: 0 secs 
